Archive member included because of file (symbol)

../../../../lib/ksdk_platform_lib/armgcc/KL03Z4/release/libksdk_platform.a(fsl_os_abstraction_bm.c.obj)
                              CMakeFiles/Warp.dir/Users/Rahul/Warp-firmware/build/ksdk1.1/work/demos/Warp/src/boot.c.obj (OSA_TimeDelay)
../../../../lib/ksdk_platform_lib/armgcc/KL03Z4/release/libksdk_platform.a(fsl_clock_manager.c.obj)
                              CMakeFiles/Warp.dir/Users/Rahul/Warp-firmware/build/ksdk1.1/work/demos/Warp/src/boot.c.obj (CLOCK_SYS_Init)
../../../../lib/ksdk_platform_lib/armgcc/KL03Z4/release/libksdk_platform.a(fsl_clock_MKL03Z4.c.obj)
                              ../../../../lib/ksdk_platform_lib/armgcc/KL03Z4/release/libksdk_platform.a(fsl_clock_manager.c.obj) (CLOCK_SYS_SetConfiguration)
../../../../lib/ksdk_platform_lib/armgcc/KL03Z4/release/libksdk_platform.a(fsl_interrupt_manager.c.obj)
                              ../../../../lib/ksdk_platform_lib/armgcc/KL03Z4/release/libksdk_platform.a(fsl_os_abstraction_bm.c.obj) (INT_SYS_InstallHandler)
../../../../lib/ksdk_platform_lib/armgcc/KL03Z4/release/libksdk_platform.a(fsl_power_manager.c.obj)
                              CMakeFiles/Warp.dir/Users/Rahul/Warp-firmware/build/ksdk1.1/work/demos/Warp/src/boot.c.obj (POWER_SYS_Init)
../../../../lib/ksdk_platform_lib/armgcc/KL03Z4/release/libksdk_platform.a(fsl_gpio_driver.c.obj)
                              ../../../../lib/ksdk_platform_lib/armgcc/KL03Z4/release/libksdk_platform.a(fsl_power_manager.c.obj) (GPIO_DRV_InputPinInit)
../../../../lib/ksdk_platform_lib/armgcc/KL03Z4/release/libksdk_platform.a(fsl_i2c_shared_function.c.obj)
                              CMakeFiles/Warp.dir/Users/Rahul/Warp-firmware/build/ksdk1.1/work/platform/drivers/src/i2c/fsl_i2c_irq.c.obj (I2C_DRV_IRQHandler)
../../../../lib/ksdk_platform_lib/armgcc/KL03Z4/release/libksdk_platform.a(fsl_i2c_common.c.obj)
                              ../../../../lib/ksdk_platform_lib/armgcc/KL03Z4/release/libksdk_platform.a(fsl_i2c_shared_function.c.obj) (g_i2cBaseAddr)
../../../../lib/ksdk_platform_lib/armgcc/KL03Z4/release/libksdk_platform.a(fsl_i2c_master_driver.c.obj)
                              CMakeFiles/Warp.dir/Users/Rahul/Warp-firmware/build/ksdk1.1/work/demos/Warp/src/boot.c.obj (I2C_DRV_MasterInit)
../../../../lib/ksdk_platform_lib/armgcc/KL03Z4/release/libksdk_platform.a(fsl_i2c_slave_driver.c.obj)
                              ../../../../lib/ksdk_platform_lib/armgcc/KL03Z4/release/libksdk_platform.a(fsl_i2c_shared_function.c.obj) (I2C_DRV_SlaveIRQHandler)
../../../../lib/ksdk_platform_lib/armgcc/KL03Z4/release/libksdk_platform.a(fsl_llwu_hal.c.obj)
                              CMakeFiles/Warp.dir/Users/Rahul/Warp-firmware/build/ksdk1.1/work/demos/Warp/src/powermodes.c.obj (LLWU_HAL_SetExternalInputPinMode)
../../../../lib/ksdk_platform_lib/armgcc/KL03Z4/release/libksdk_platform.a(fsl_lpuart_driver.c.obj)
                              CMakeFiles/Warp.dir/Users/Rahul/Warp-firmware/build/ksdk1.1/work/demos/Warp/src/boot.c.obj (LPUART_DRV_Init)
../../../../lib/ksdk_platform_lib/armgcc/KL03Z4/release/libksdk_platform.a(fsl_lpuart_common.c.obj)
                              ../../../../lib/ksdk_platform_lib/armgcc/KL03Z4/release/libksdk_platform.a(fsl_lpuart_driver.c.obj) (g_lpuartRxTxIrqId)
../../../../lib/ksdk_platform_lib/armgcc/KL03Z4/release/libksdk_platform.a(fsl_mcglite_hal.c.obj)
                              ../../../../lib/ksdk_platform_lib/armgcc/KL03Z4/release/libksdk_platform.a(fsl_clock_MKL03Z4.c.obj) (CLOCK_HAL_GetInternalRefClk)
../../../../lib/ksdk_platform_lib/armgcc/KL03Z4/release/libksdk_platform.a(fsl_mcglite_hal_modes.c.obj)
                              ../../../../lib/ksdk_platform_lib/armgcc/KL03Z4/release/libksdk_platform.a(fsl_power_manager.c.obj) (CLOCK_HAL_GetMode)
../../../../lib/ksdk_platform_lib/armgcc/KL03Z4/release/libksdk_platform.a(fsl_osc_hal.c.obj)
                              ../../../../lib/ksdk_platform_lib/armgcc/KL03Z4/release/libksdk_platform.a(fsl_clock_MKL03Z4.c.obj) (OSC_HAL_SetExternalRefClkCmd)
../../../../lib/ksdk_platform_lib/armgcc/KL03Z4/release/libksdk_platform.a(fsl_rtc_hal.c.obj)
                              CMakeFiles/Warp.dir/Users/Rahul/Warp-firmware/build/ksdk1.1/work/demos/Warp/src/powermodes.c.obj (RTC_HAL_ConvertSecsToDatetime)
../../../../lib/ksdk_platform_lib/armgcc/KL03Z4/release/libksdk_platform.a(fsl_rtc_driver.c.obj)
                              CMakeFiles/Warp.dir/Users/Rahul/Warp-firmware/build/ksdk1.1/work/demos/Warp/src/boot.c.obj (RTC_DRV_Init)
../../../../lib/ksdk_platform_lib/armgcc/KL03Z4/release/libksdk_platform.a(fsl_rtc_common.c.obj)
                              ../../../../lib/ksdk_platform_lib/armgcc/KL03Z4/release/libksdk_platform.a(fsl_rtc_driver.c.obj) (g_rtcSecondsIrqId)
../../../../lib/ksdk_platform_lib/armgcc/KL03Z4/release/libksdk_platform.a(fsl_sim_hal_MKL03Z4.c.obj)
[...]
Memory Configuration

Name             Origin             Length             Attributes
m_interrupts     0x0000000000000000 0x0000000000000100 xr
m_flash_config   0x0000000000000400 0x0000000000000010 xr
m_text           0x0000000000000410 0x0000000000007bf0 xr
m_data           0x000000001ffffe00 0x0000000000000800 rw
*default*        0x0000000000000000 0xffffffffffffffff

Linker script and memory map

LOAD /Users/Rahul/bare-metal-arm/gcc-arm-none-eabi-4_8-2014q1/bin/../lib/gcc/arm-none-eabi/4.8.3/armv6-m/crti.o
LOAD /Users/Rahul/bare-metal-arm/gcc-arm-none-eabi-4_8-2014q1/bin/../lib/gcc/arm-none-eabi/4.8.3/armv6-m/crtbegin.o
LOAD /Users/Rahul/bare-metal-arm/gcc-arm-none-eabi-4_8-2014q1/bin/../lib/gcc/arm-none-eabi/4.8.3/../../../../arm-none-eabi/lib/armv6-m/crt0.o
LOAD /Users/Rahul/bare-metal-arm/gcc-arm-none-eabi-4_8-2014q1/bin/../lib/gcc/arm-none-eabi/4.8.3/../../../../arm-none-eabi/lib/armv6-m/libm.a
                0x0000000000000200                __stack_size__ = 0x200
                0x0000000000000000                __heap_size__ = 0x0
LOAD CMakeFiles/Warp.dir/Users/Rahul/Warp-firmware/build/ksdk1.1/work/platform/utilities/src/fsl_misc_utilities.c.obj
LOAD CMakeFiles/Warp.dir/Users/Rahul/Warp-firmware/build/ksdk1.1/work/platform/startup/MKL03Z4/gcc/startup_MKL03Z4.S.obj
LOAD CMakeFiles/Warp.dir/Users/Rahul/Warp-firmware/build/ksdk1.1/work/demos/Warp/src/boot.c.obj
LOAD CMakeFiles/Warp.dir/Users/Rahul/Warp-firmware/build/ksdk1.1/work/demos/Warp/src/errstrsEN.c.obj
LOAD CMakeFiles/Warp.dir/Users/Rahul/Warp-firmware/build/ksdk1.1/work/demos/Warp/src/powermodes.c.obj
LOAD CMakeFiles/Warp.dir/Users/Rahul/Warp-firmware/build/ksdk1.1/work/demos/Warp/src/devADXL362.c.obj
LOAD CMakeFiles/Warp.dir/Users/Rahul/Warp-firmware/build/ksdk1.1/work/demos/Warp/src/devMMA8451Q.c.obj
LOAD CMakeFiles/Warp.dir/Users/Rahul/Warp-firmware/build/ksdk1.1/work/demos/Warp/src/devLPS25H.c.obj
LOAD CMakeFiles/Warp.dir/Users/Rahul/Warp-firmware/build/ksdk1.1/work/demos/Warp/src/devHDC1000.c.obj
LOAD CMakeFiles/Warp.dir/Users/Rahul/Warp-firmware/build/ksdk1.1/work/demos/Warp/src/devMAG3110.c.obj
LOAD CMakeFiles/Warp.dir/Users/Rahul/Warp-firmware/build/ksdk1.1/work/demos/Warp/src/devSI7021.c.obj
LOAD CMakeFiles/Warp.dir/Users/Rahul/Warp-firmware/build/ksdk1.1/work/demos/Warp/src/devSSD1331.c.obj
LOAD CMakeFiles/Warp.dir/Users/Rahul/Warp-firmware/build/ksdk1.1/work/demos/Warp/src/devINA219.c.obj
LOAD CMakeFiles/Warp.dir/Users/Rahul/Warp-firmware/build/ksdk1.1/work/demos/Warp/src/SEGGER_RTT.c.obj
LOAD CMakeFiles/Warp.dir/Users/Rahul/Warp-firmware/build/ksdk1.1/work/demos/Warp/src/SEGGER_RTT_printf.c.obj
LOAD CMakeFiles/Warp.dir/Users/Rahul/Warp-firmware/build/ksdk1.1/work/platform/drivers/src/i2c/fsl_i2c_irq.c.obj
LOAD CMakeFiles/Warp.dir/Users/Rahul/Warp-firmware/build/ksdk1.1/work/platform/drivers/src/spi/fsl_spi_irq.c.obj
LOAD CMakeFiles/Warp.dir/Users/Rahul/Warp-firmware/build/ksdk1.1/work/platform/drivers/src/lpuart/fsl_lpuart_irq.c.obj
LOAD CMakeFiles/Warp.dir/Users/Rahul/Warp-firmware/build/ksdk1.1/work/platform/startup/MKL03Z4/system_MKL03Z4.c.obj
LOAD CMakeFiles/Warp.dir/Users/Rahul/Warp-firmware/build/ksdk1.1/work/platform/startup/startup.c.obj
LOAD CMakeFiles/Warp.dir/Users/Rahul/Warp-firmware/build/ksdk1.1/work/boards/Warp/gpio_pins.c.obj
START GROUP
LOAD ../../../../lib/ksdk_platform_lib/armgcc/KL03Z4/release/libksdk_platform.a
LOAD /Users/Rahul/bare-metal-arm/gcc-arm-none-eabi-4_8-2014q1/bin/../lib/gcc/arm-none-eabi/4.8.3/../../../../arm-none-eabi/lib/armv6-m/libm.a
LOAD /Users/Rahul/bare-metal-arm/gcc-arm-none-eabi-4_8-2014q1/bin/../lib/gcc/arm-none-eabi/4.8.3/../../../../arm-none-eabi/lib/armv6-m/libc_s.a
LOAD /Users/Rahul/bare-metal-arm/gcc-arm-none-eabi-4_8-2014q1/bin/../lib/gcc/arm-none-eabi/4.8.3/armv6-m/libgcc.a
LOAD /Users/Rahul/bare-metal-arm/gcc-arm-none-eabi-4_8-2014q1/bin/../lib/gcc/arm-none-eabi/4.8.3/../../../../arm-none-eabi/lib/armv6-m/libnosys.a
END GROUP
START GROUP
LOAD /Users/Rahul/bare-metal-arm/gcc-arm-none-eabi-4_8-2014q1/bin/../lib/gcc/arm-none-eabi/4.8.3/armv6-m/libgcc.a
LOAD /Users/Rahul/bare-metal-arm/gcc-arm-none-eabi-4_8-2014q1/bin/../lib/gcc/arm-none-eabi/4.8.3/../../../../arm-none-eabi/lib/armv6-m/libc_s.a
END GROUP
START GROUP
LOAD /Users/Rahul/bare-metal-arm/gcc-arm-none-eabi-4_8-2014q1/bin/../lib/gcc/arm-none-eabi/4.8.3/armv6-m/libgcc.a
LOAD /Users/Rahul/bare-metal-arm/gcc-arm-none-eabi-4_8-2014q1/bin/../lib/gcc/arm-none-eabi/4.8.3/../../../../arm-none-eabi/lib/armv6-m/libc_s.a
END GROUP
LOAD /Users/Rahul/bare-metal-arm/gcc-arm-none-eabi-4_8-2014q1/bin/../lib/gcc/arm-none-eabi/4.8.3/armv6-m/crtend.o
LOAD /Users/Rahul/bare-metal-arm/gcc-arm-none-eabi-4_8-2014q1/bin/../lib/gcc/arm-none-eabi/4.8.3/armv6-m/crtn.o
                0x0000000000000200                HEAP_SIZE = DEFINED (__heap_size__)?__heap_size__:0x200
                0x0000000000000050                STACK_SIZE = DEFINED (__stack_size__)?__stack_size__:0x50
                0x0000000000000000                M_VECTOR_RAM_SIZE = DEFINED (__ram_vector_table__)?0x100:0x0

.interrupts     0x0000000000000000       0xc0
                0x0000000000000000                __VECTOR_TABLE = .
                0x0000000000000000                . = ALIGN (0x4)
 *(.isr_vector)
 .isr_vector    0x0000000000000000       0xc0 CMakeFiles/Warp.dir/Users/Rahul/Warp-firmware/build/ksdk1.1/work/platform/startup/MKL03Z4/gcc/startup_MKL03Z4.S.obj
                0x0000000000000000                __isr_vector
                0x00000000000000c0                . = ALIGN (0x4)

.flash_config   0x0000000000000400       0x10
                0x0000000000000400                . = ALIGN (0x4)
 *(.FlashConfig)
 .FlashConfig   0x0000000000000400       0x10 CMakeFiles/Warp.dir/Users/Rahul/Warp-firmware/build/ksdk1.1/work/platform/startup/MKL03Z4/gcc/startup_MKL03Z4.S.obj
                0x0000000000000410                . = ALIGN (0x4)

.text           0x0000000000000410     0x76b8
                0x0000000000000410                . = ALIGN (0x4)
 *(.text)
 .text          0x0000000000000410       0x60 /Users/Rahul/bare-metal-arm/gcc-arm-none-eabi-4_8-2014q1/bin/../lib/gcc/arm-none-eabi/4.8.3/armv6-m/crtbegin.o
 .text          0x0000000000000470       0x78 /Users/Rahul/bare-metal-arm/gcc-arm-none-eabi-4_8-2014q1/bin/../lib/gcc/arm-none-eabi/4.8.3/../../../../arm-none-eabi/lib/armv6-m/crt0.o
                0x0000000000000470                _mainCRTStartup
                0x0000000000000470                _start
 .text          0x00000000000004e8       0x30 CMakeFiles/Warp.dir/Users/Rahul/Warp-firmware/build/ksdk1.1/work/platform/startup/MKL03Z4/gcc/startup_MKL03Z4.S.obj
                0x00000000000004e8                Reset_Handler
                0x0000000000000510                Reserved16_IRQHandler
                0x0000000000000510                HardFault_Handler
                0x0000000000000510                SysTick_Handler
                0x0000000000000510                PendSV_Handler
                0x0000000000000510                NMI_Handler
                0x0000000000000510                Reserved19_IRQHandler
                0x0000000000000510                Reserved29_IRQHandler
                0x0000000000000510                TPM0_IRQHandler
                0x0000000000000510                Reserved42_IRQHandler
                0x0000000000000510                ADC0_IRQHandler
                0x0000000000000510                Reserved39_IRQHandler
                0x0000000000000510                DefaultISR
                0x0000000000000510                Reserved25_IRQHandler
                0x0000000000000510                PORTB_IRQHandler
                0x0000000000000510                Reserved43_IRQHandler
                0x0000000000000510                Reserved27_IRQHandler
                0x0000000000000510                Reserved35_IRQHandler
                0x0000000000000510                Reserved20_IRQHandler
                0x0000000000000510                Reserved17_IRQHandler
                0x0000000000000510                Reserved41_IRQHandler
                0x0000000000000510                SVC_Handler
                0x0000000000000510                Reserved45_IRQHandler
                0x0000000000000510                Reserved30_IRQHandler
                0x0000000000000510                PMC_IRQHandler
                0x0000000000000510                TPM1_IRQHandler
                0x0000000000000510                FTFA_IRQHandler
                0x0000000000000510                Reserved40_IRQHandler
                0x0000000000000510                Reserved38_IRQHandler
                0x0000000000000510                LPTMR0_IRQHandler
                0x0000000000000510                Reserved18_IRQHandler
                0x0000000000000510                CMP0_IRQHandler
 .text          0x0000000000000518       0x14 /Users/Rahul/bare-metal-arm/gcc-arm-none-eabi-4_8-2014q1/bin/../lib/gcc/arm-none-eabi/4.8.3/armv6-m/libgcc.a(_thumb1_case_uqi.o)
                0x0000000000000518                __gnu_thumb1_case_uqi
 .text          0x000000000000052c       0x9c /Users/Rahul/bare-metal-arm/gcc-arm-none-eabi-4_8-2014q1/bin/../lib/gcc/arm-none-eabi/4.8.3/armv6-m/libgcc.a(_udivsi3.o)
                0x000000000000052c                __udivsi3
                0x000000000000052c                __aeabi_uidiv
                0x00000000000005b4                __aeabi_uidivmod
 .text          0x00000000000005c8       0xc0 /Users/Rahul/bare-metal-arm/gcc-arm-none-eabi-4_8-2014q1/bin/../lib/gcc/arm-none-eabi/4.8.3/armv6-m/libgcc.a(_divsi3.o)
                0x00000000000005c8                __aeabi_idiv
                0x00000000000005c8                __divsi3
                0x0000000000000674                __aeabi_idivmod
 .text          0x0000000000000688        0x4 /Users/Rahul/bare-metal-arm/gcc-arm-none-eabi-4_8-2014q1/bin/../lib/gcc/arm-none-eabi/4.8.3/armv6-m/libgcc.a(_dvmd_tls.o)
                0x0000000000000688                __aeabi_ldiv0
                0x0000000000000688                __aeabi_idiv0
 .text          0x000000000000068c      0x638 /Users/Rahul/bare-metal-arm/gcc-arm-none-eabi-4_8-2014q1/bin/../lib/gcc/arm-none-eabi/4.8.3/armv6-m/libgcc.a(adddf3.o)
                0x000000000000068c                __aeabi_dadd
 .text          0x0000000000000cc4      0x520 /Users/Rahul/bare-metal-arm/gcc-arm-none-eabi-4_8-2014q1/bin/../lib/gcc/arm-none-eabi/4.8.3/armv6-m/libgcc.a(muldf3.o)
                0x0000000000000cc4                __aeabi_dmul
 .text          0x00000000000011e4       0x68 /Users/Rahul/bare-metal-arm/gcc-arm-none-eabi-4_8-2014q1/bin/../lib/gcc/arm-none-eabi/4.8.3/armv6-m/libgcc.a(fixdfsi.o)
                0x00000000000011e4                __aeabi_d2iz
 .text          0x000000000000124c       0x7c /Users/Rahul/bare-metal-arm/gcc-arm-none-eabi-4_8-2014q1/bin/../lib/gcc/arm-none-eabi/4.8.3/armv6-m/libgcc.a(floatsidf.o)
                0x000000000000124c                __aeabi_i2d
 .text          0x00000000000012c8       0x68 /Users/Rahul/bare-metal-arm/gcc-arm-none-eabi-4_8-2014q1/bin/../lib/gcc/arm-none-eabi/4.8.3/armv6-m/libgcc.a(floatunsidf.o)
                0x00000000000012c8                __aeabi_ui2d
 .text          0x0000000000001330       0x3c /Users/Rahul/bare-metal-arm/gcc-arm-none-eabi-4_8-2014q1/bin/../lib/gcc/arm-none-eabi/4.8.3/armv6-m/libgcc.a(_clzsi2.o)
                0x0000000000001330                __clzsi2
 *(.text*)
 .text.clockManagerCallbackRoutine
                0x000000000000136c        0xc CMakeFiles/Warp.dir/Users/Rahul/Warp-firmware/build/ksdk1.1/work/demos/Warp/src/boot.c.obj
                0x000000000000136c                clockManagerCallbackRoutine
 .text.callback0
                0x0000000000001378       0x14 CMakeFiles/Warp.dir/Users/Rahul/Warp-firmware/build/ksdk1.1/work/demos/Warp/src/boot.c.obj
                0x0000000000001378                callback0
 .text.char2int
                0x000000000000138c       0x22 CMakeFiles/Warp.dir/Users/Rahul/Warp-firmware/build/ksdk1.1/work/demos/Warp/src/boot.c.obj
 *fill*         0x00000000000013ae        0x2 
 .text.lowPowerPinStates
                0x00000000000013b0       0xb8 CMakeFiles/Warp.dir/Users/Rahul/Warp-firmware/build/ksdk1.1/work/demos/Warp/src/boot.c.obj
 .text.RTC_IRQHandler
                0x0000000000001468       0x16 CMakeFiles/Warp.dir/Users/Rahul/Warp-firmware/build/ksdk1.1/work/demos/Warp/src/boot.c.obj
                0x0000000000001468                RTC_IRQHandler
 *fill*         0x000000000000147e        0x2 
 .text.RTC_Seconds_IRQHandler
                0x0000000000001480       0x10 CMakeFiles/Warp.dir/Users/Rahul/Warp-firmware/build/ksdk1.1/work/demos/Warp/src/boot.c.obj
                0x0000000000001480                RTC_Seconds_IRQHandler
 .text.LLWU_IRQHandler
                0x0000000000001490       0x10 CMakeFiles/Warp.dir/Users/Rahul/Warp-firmware/build/ksdk1.1/work/demos/Warp/src/boot.c.obj
                0x0000000000001490                LLWU_IRQHandler
 .text.PORTA_IRQHandler
                0x00000000000014a0       0x10 CMakeFiles/Warp.dir/Users/Rahul/Warp-firmware/build/ksdk1.1/work/demos/Warp/src/boot.c.obj
                0x00000000000014a0                PORTA_IRQHandler
 .text.warpEnableSPIpins
                0x00000000000014b0       0x54 CMakeFiles/Warp.dir/Users/Rahul/Warp-firmware/build/ksdk1.1/work/demos/Warp/src/boot.c.obj
                0x00000000000014b0                warpEnableSPIpins
 .text.warpDisableSPIpins
                0x0000000000001504       0x40 CMakeFiles/Warp.dir/Users/Rahul/Warp-firmware/build/ksdk1.1/work/demos/Warp/src/boot.c.obj
                0x0000000000001504                warpDisableSPIpins
 .text.warpDeasserAllSPIchipSelects
                0x0000000000001544       0x30 CMakeFiles/Warp.dir/Users/Rahul/Warp-firmware/build/ksdk1.1/work/demos/Warp/src/boot.c.obj
                0x0000000000001544                warpDeasserAllSPIchipSelects
 .text.warpEnableI2Cpins
                0x0000000000001574       0x2c CMakeFiles/Warp.dir/Users/Rahul/Warp-firmware/build/ksdk1.1/work/demos/Warp/src/boot.c.obj
                0x0000000000001574                warpEnableI2Cpins
 .text.warpDisableI2Cpins
                0x00000000000015a0       0x20 CMakeFiles/Warp.dir/Users/Rahul/Warp-firmware/build/ksdk1.1/work/demos/Warp/src/boot.c.obj
                0x00000000000015a0                warpDisableI2Cpins
 .text.warpDisableSupplyVoltage
                0x00000000000015c0       0x18 CMakeFiles/Warp.dir/Users/Rahul/Warp-firmware/build/ksdk1.1/work/demos/Warp/src/boot.c.obj
                0x00000000000015c0                warpDisableSupplyVoltage
 .text.warpPrint
                0x00000000000015d8       0x40 CMakeFiles/Warp.dir/Users/Rahul/Warp-firmware/build/ksdk1.1/work/demos/Warp/src/boot.c.obj
                0x00000000000015d8                warpPrint
 .text.warpScaleSupplyVoltage
                0x0000000000001618      0x23c CMakeFiles/Warp.dir/Users/Rahul/Warp-firmware/build/ksdk1.1/work/demos/Warp/src/boot.c.obj
                0x0000000000001618                warpScaleSupplyVoltage
 .text.warpLowPowerSecondsSleep
                0x0000000000001854       0x2c CMakeFiles/Warp.dir/Users/Rahul/Warp-firmware/build/ksdk1.1/work/demos/Warp/src/boot.c.obj
                0x0000000000001854                warpLowPowerSecondsSleep
 .text.printBootSplash
                0x0000000000001880       0xfc CMakeFiles/Warp.dir/Users/Rahul/Warp-firmware/build/ksdk1.1/work/demos/Warp/src/boot.c.obj
                0x0000000000001880                printBootSplash
 .text.warpWaitKey
                0x000000000000197c        0xc CMakeFiles/Warp.dir/Users/Rahul/Warp-firmware/build/ksdk1.1/work/demos/Warp/src/boot.c.obj
                0x000000000000197c                warpWaitKey
 .text.readHexByte
                0x0000000000001988       0x2a CMakeFiles/Warp.dir/Users/Rahul/Warp-firmware/build/ksdk1.1/work/demos/Warp/src/boot.c.obj
 .text.read4digits
                0x00000000000019b2       0x40 CMakeFiles/Warp.dir/Users/Rahul/Warp-firmware/build/ksdk1.1/work/demos/Warp/src/boot.c.obj
 *fill*         0x00000000000019f2        0x2 
 .text.loopForSensor
                0x00000000000019f4      0x1c4 CMakeFiles/Warp.dir/Users/Rahul/Warp-firmware/build/ksdk1.1/work/demos/Warp/src/boot.c.obj
                0x00000000000019f4                loopForSensor
 .text.writeByteToI2cDeviceRegister
                0x0000000000001bb8       0x44 CMakeFiles/Warp.dir/Users/Rahul/Warp-firmware/build/ksdk1.1/work/demos/Warp/src/boot.c.obj
                0x0000000000001bb8                writeByteToI2cDeviceRegister
 .text.writeBytesToSpi
                0x0000000000001bfc       0x44 CMakeFiles/Warp.dir/Users/Rahul/Warp-firmware/build/ksdk1.1/work/demos/Warp/src/boot.c.obj
                0x0000000000001bfc                writeBytesToSpi
 .text.startup.main
                0x0000000000001c40      0xcf0 CMakeFiles/Warp.dir/Users/Rahul/Warp-firmware/build/ksdk1.1/work/demos/Warp/src/boot.c.obj
                0x0000000000001c40                main
 .text.setSleepRtcAlarm
                0x0000000000002930       0x2e CMakeFiles/Warp.dir/Users/Rahul/Warp-firmware/build/ksdk1.1/work/demos/Warp/src/powermodes.c.obj
 *fill*         0x000000000000295e        0x2 
 .text.gpioDisableWakeUp
                0x0000000000002960       0x18 CMakeFiles/Warp.dir/Users/Rahul/Warp-firmware/build/ksdk1.1/work/demos/Warp/src/powermodes.c.obj
                0x0000000000002960                gpioDisableWakeUp
 .text.warpSetLowPowerMode
                0x0000000000002978      0x10a CMakeFiles/Warp.dir/Users/Rahul/Warp-firmware/build/ksdk1.1/work/demos/Warp/src/powermodes.c.obj
                0x0000000000002978                warpSetLowPowerMode
 *fill*         0x0000000000002a82        0x2 
 .text.writeSensorRegisterADXL362
                0x0000000000002a84       0x70 CMakeFiles/Warp.dir/Users/Rahul/Warp-firmware/build/ksdk1.1/work/demos/Warp/src/devADXL362.c.obj
                0x0000000000002a84                writeSensorRegisterADXL362
 .text.initADXL362
                0x0000000000002af4       0xb0 CMakeFiles/Warp.dir/Users/Rahul/Warp-firmware/build/ksdk1.1/work/demos/Warp/src/devADXL362.c.obj
                0x0000000000002af4                initADXL362
 .text.readSensorRegisterADXL362
                0x0000000000002ba4       0x12 CMakeFiles/Warp.dir/Users/Rahul/Warp-firmware/build/ksdk1.1/work/demos/Warp/src/devADXL362.c.obj
                0x0000000000002ba4                readSensorRegisterADXL362
 *fill*         0x0000000000002bb6        0x2 
 .text.printSensorDataADXL362
                0x0000000000002bb8       0xc0 CMakeFiles/Warp.dir/Users/Rahul/Warp-firmware/build/ksdk1.1/work/demos/Warp/src/devADXL362.c.obj
                0x0000000000002bb8                printSensorDataADXL362
 .text.writeSensorRegisterMMA8451Q.part.0
                0x0000000000002c78       0x58 CMakeFiles/Warp.dir/Users/Rahul/Warp-firmware/build/ksdk1.1/work/demos/Warp/src/devMMA8451Q.c.obj
 .text.initMMA8451Q
                0x0000000000002cd0        0xc CMakeFiles/Warp.dir/Users/Rahul/Warp-firmware/build/ksdk1.1/work/demos/Warp/src/devMMA8451Q.c.obj
                0x0000000000002cd0                initMMA8451Q
 .text.configureSensorMMA8451Q
                0x0000000000002cdc       0x2c CMakeFiles/Warp.dir/Users/Rahul/Warp-firmware/build/ksdk1.1/work/demos/Warp/src/devMMA8451Q.c.obj
                0x0000000000002cdc                configureSensorMMA8451Q
 .text.readSensorRegisterMMA8451Q
                0x0000000000002d08       0x74 CMakeFiles/Warp.dir/Users/Rahul/Warp-firmware/build/ksdk1.1/work/demos/Warp/src/devMMA8451Q.c.obj
                0x0000000000002d08                readSensorRegisterMMA8451Q
 .text.printSensorDataMMA8451Q
                0x0000000000002d7c       0xe0 CMakeFiles/Warp.dir/Users/Rahul/Warp-firmware/build/ksdk1.1/work/demos/Warp/src/devMMA8451Q.c.obj
                0x0000000000002d7c                printSensorDataMMA8451Q
 .text.writeCommand
                0x0000000000002e5c       0x4c CMakeFiles/Warp.dir/Users/Rahul/Warp-firmware/build/ksdk1.1/work/demos/Warp/src/devSSD1331.c.obj
 .text.devSSD1331init
                0x0000000000002ea8      0x1a8 CMakeFiles/Warp.dir/Users/Rahul/Warp-firmware/build/ksdk1.1/work/demos/Warp/src/devSSD1331.c.obj
                0x0000000000002ea8                devSSD1331init
 .text.devINA219writeRegisterPointer.part.1
                0x0000000000003050       0x50 CMakeFiles/Warp.dir/Users/Rahul/Warp-firmware/build/ksdk1.1/work/demos/Warp/src/devINA219.c.obj
 .text.devINA219writeRegister
                0x00000000000030a0       0x64 CMakeFiles/Warp.dir/Users/Rahul/Warp-firmware/build/ksdk1.1/work/demos/Warp/src/devINA219.c.obj
                0x00000000000030a0                devINA219writeRegister
 .text.devINA219writeRegisterPointer
                0x0000000000003104       0x12 CMakeFiles/Warp.dir/Users/Rahul/Warp-firmware/build/ksdk1.1/work/demos/Warp/src/devINA219.c.obj
                0x0000000000003104                devINA219writeRegisterPointer
 *fill*         0x0000000000003116        0x2 
 .text.initINA219
                0x0000000000003118       0x4c CMakeFiles/Warp.dir/Users/Rahul/Warp-firmware/build/ksdk1.1/work/demos/Warp/src/devINA219.c.obj
                0x0000000000003118                initINA219
 .text.devINA219read
                0x0000000000003164       0x58 CMakeFiles/Warp.dir/Users/Rahul/Warp-firmware/build/ksdk1.1/work/demos/Warp/src/devINA219.c.obj
                0x0000000000003164                devINA219read
 .text.devINA219getCurrent
                0x00000000000031bc       0x30 CMakeFiles/Warp.dir/Users/Rahul/Warp-firmware/build/ksdk1.1/work/demos/Warp/src/devINA219.c.obj
                0x00000000000031bc                devINA219getCurrent
 .text.devINA219getBusVoltage
                0x00000000000031ec       0x34 CMakeFiles/Warp.dir/Users/Rahul/Warp-firmware/build/ksdk1.1/work/demos/Warp/src/devINA219.c.obj
                0x00000000000031ec                devINA219getBusVoltage
 .text.devINA219getShuntVoltage
                0x0000000000003220       0x34 CMakeFiles/Warp.dir/Users/Rahul/Warp-firmware/build/ksdk1.1/work/demos/Warp/src/devINA219.c.obj
                0x0000000000003220                devINA219getShuntVoltage
 .text.devINA219getPower
                0x0000000000003254       0x30 CMakeFiles/Warp.dir/Users/Rahul/Warp-firmware/build/ksdk1.1/work/demos/Warp/src/devINA219.c.obj
                0x0000000000003254                devINA219getPower
 .text._GetAvailWriteSpace
                0x0000000000003284       0x18 CMakeFiles/Warp.dir/Users/Rahul/Warp-firmware/build/ksdk1.1/work/demos/Warp/src/SEGGER_RTT.c.obj
 .text._WriteNoCheck
                0x000000000000329c       0x38 CMakeFiles/Warp.dir/Users/Rahul/Warp-firmware/build/ksdk1.1/work/demos/Warp/src/SEGGER_RTT.c.obj
 .text._WriteBlocking
                0x00000000000032d4       0x5a CMakeFiles/Warp.dir/Users/Rahul/Warp-firmware/build/ksdk1.1/work/demos/Warp/src/SEGGER_RTT.c.obj
 *fill*         0x000000000000332e        0x2 
 .text._DoInit  0x0000000000003330       0x5c CMakeFiles/Warp.dir/Users/Rahul/Warp-firmware/build/ksdk1.1/work/demos/Warp/src/SEGGER_RTT.c.obj
 .text.SEGGER_RTT_ReadNoLock
                0x000000000000338c       0x88 CMakeFiles/Warp.dir/Users/Rahul/Warp-firmware/build/ksdk1.1/work/demos/Warp/src/SEGGER_RTT.c.obj
                0x000000000000338c                SEGGER_RTT_ReadNoLock
 .text.SEGGER_RTT_Read
                0x0000000000003414       0x1a CMakeFiles/Warp.dir/Users/Rahul/Warp-firmware/build/ksdk1.1/work/demos/Warp/src/SEGGER_RTT.c.obj
                0x0000000000003414                SEGGER_RTT_Read
 *fill*         0x000000000000342e        0x2 
 .text.SEGGER_RTT_WriteNoLock
                0x0000000000003430       0x5c CMakeFiles/Warp.dir/Users/Rahul/Warp-firmware/build/ksdk1.1/work/demos/Warp/src/SEGGER_RTT.c.obj
                0x0000000000003430                SEGGER_RTT_WriteNoLock
 .text.SEGGER_RTT_Write
                0x000000000000348c       0x34 CMakeFiles/Warp.dir/Users/Rahul/Warp-firmware/build/ksdk1.1/work/demos/Warp/src/SEGGER_RTT.c.obj
                0x000000000000348c                SEGGER_RTT_Write
 .text.SEGGER_RTT_WriteString
                0x00000000000034c0       0x18 CMakeFiles/Warp.dir/Users/Rahul/Warp-firmware/build/ksdk1.1/work/demos/Warp/src/SEGGER_RTT.c.obj
                0x00000000000034c0                SEGGER_RTT_WriteString
 .text.SEGGER_RTT_GetKey
                0x00000000000034d8       0x1e CMakeFiles/Warp.dir/Users/Rahul/Warp-firmware/build/ksdk1.1/work/demos/Warp/src/SEGGER_RTT.c.obj
                0x00000000000034d8                SEGGER_RTT_GetKey
 *fill*         0x00000000000034f6        0x2 
 .text.SEGGER_RTT_ConfigUpBuffer
                0x00000000000034f8       0x60 CMakeFiles/Warp.dir/Users/Rahul/Warp-firmware/build/ksdk1.1/work/demos/Warp/src/SEGGER_RTT.c.obj
                0x00000000000034f8                SEGGER_RTT_ConfigUpBuffer
 .text._StoreChar
                0x0000000000003558       0x3e CMakeFiles/Warp.dir/Users/Rahul/Warp-firmware/build/ksdk1.1/work/demos/Warp/src/SEGGER_RTT_printf.c.obj
 *fill*         0x0000000000003596        0x2 
 .text._PrintUnsigned
                0x0000000000003598       0xe4 CMakeFiles/Warp.dir/Users/Rahul/Warp-firmware/build/ksdk1.1/work/demos/Warp/src/SEGGER_RTT_printf.c.obj
 .text.SEGGER_RTT_vprintf
                0x000000000000367c      0x25a CMakeFiles/Warp.dir/Users/Rahul/Warp-firmware/build/ksdk1.1/work/demos/Warp/src/SEGGER_RTT_printf.c.obj
                0x000000000000367c                SEGGER_RTT_vprintf
 .text.I2C0_IRQHandler
                0x00000000000038d6        0xa CMakeFiles/Warp.dir/Users/Rahul/Warp-firmware/build/ksdk1.1/work/platform/drivers/src/i2c/fsl_i2c_irq.c.obj
                0x00000000000038d6                I2C0_IRQHandler
 .text.SPI0_IRQHandler
                0x00000000000038e0        0xa CMakeFiles/Warp.dir/Users/Rahul/Warp-firmware/build/ksdk1.1/work/platform/drivers/src/spi/fsl_spi_irq.c.obj
                0x00000000000038e0                SPI0_IRQHandler
 .text.LPUART0_IRQHandler
                0x00000000000038ea        0xa CMakeFiles/Warp.dir/Users/Rahul/Warp-firmware/build/ksdk1.1/work/platform/drivers/src/lpuart/fsl_lpuart_irq.c.obj
                0x00000000000038ea                LPUART0_IRQHandler
 .text.SystemInit
                0x00000000000038f4       0x84 CMakeFiles/Warp.dir/Users/Rahul/Warp-firmware/build/ksdk1.1/work/platform/startup/MKL03Z4/system_MKL03Z4.c.obj
                0x00000000000038f4                SystemInit
 .text.init_data_bss
                0x0000000000003978       0x7c CMakeFiles/Warp.dir/Users/Rahul/Warp-firmware/build/ksdk1.1/work/platform/startup/startup.c.obj
                0x0000000000003978                init_data_bss
 .text.OSA_SemaCreate
                0x00000000000039f4        0xe ../../../../lib/ksdk_platform_lib/armgcc/KL03Z4/release/libksdk_platform.a(fsl_os_abstraction_bm.c.obj)
                0x00000000000039f4                OSA_SemaCreate
 .text.OSA_SemaPost
                0x0000000000003a02       0x20 ../../../../lib/ksdk_platform_lib/armgcc/KL03Z4/release/libksdk_platform.a(fsl_os_abstraction_bm.c.obj)
                0x0000000000003a02                OSA_SemaPost
 .text.OSA_SemaDestroy
                0x0000000000003a22        0x4 ../../../../lib/ksdk_platform_lib/armgcc/KL03Z4/release/libksdk_platform.a(fsl_os_abstraction_bm.c.obj)
                0x0000000000003a22                OSA_SemaDestroy
 .text.OSA_EventSet
                0x0000000000003a26       0x18 ../../../../lib/ksdk_platform_lib/armgcc/KL03Z4/release/libksdk_platform.a(fsl_os_abstraction_bm.c.obj)
                0x0000000000003a26                OSA_EventSet
 *fill*         0x0000000000003a3e        0x2 
 .text.task_init
                0x0000000000003a40       0x38 ../../../../lib/ksdk_platform_lib/armgcc/KL03Z4/release/libksdk_platform.a(fsl_os_abstraction_bm.c.obj)
                0x0000000000003a40                task_init
 .text.OSA_TimeGetMsec
                0x0000000000003a78       0x10 ../../../../lib/ksdk_platform_lib/armgcc/KL03Z4/release/libksdk_platform.a(fsl_os_abstraction_bm.c.obj)
                0x0000000000003a78                OSA_TimeGetMsec
 .text.OSA_SemaWait
                0x0000000000003a88       0x7a ../../../../lib/ksdk_platform_lib/armgcc/KL03Z4/release/libksdk_platform.a(fsl_os_abstraction_bm.c.obj)
                0x0000000000003a88                OSA_SemaWait
 .text.OSA_TimeDelay
                0x0000000000003b02       0x22 ../../../../lib/ksdk_platform_lib/armgcc/KL03Z4/release/libksdk_platform.a(fsl_os_abstraction_bm.c.obj)
                0x0000000000003b02                OSA_TimeDelay
 .text.OSA_EnterCritical
                0x0000000000003b24        0xc ../../../../lib/ksdk_platform_lib/armgcc/KL03Z4/release/libksdk_platform.a(fsl_os_abstraction_bm.c.obj)
                0x0000000000003b24                OSA_EnterCritical
 .text.OSA_ExitCritical
                0x0000000000003b30        0xc ../../../../lib/ksdk_platform_lib/armgcc/KL03Z4/release/libksdk_platform.a(fsl_os_abstraction_bm.c.obj)
                0x0000000000003b30                OSA_ExitCritical
 .text.OSA_Init
                0x0000000000003b3c       0x48 ../../../../lib/ksdk_platform_lib/armgcc/KL03Z4/release/libksdk_platform.a(fsl_os_abstraction_bm.c.obj)
                0x0000000000003b3c                OSA_Init
 .text.CLOCK_SYS_Init
                0x0000000000003b84       0x18 ../../../../lib/ksdk_platform_lib/armgcc/KL03Z4/release/libksdk_platform.a(fsl_clock_manager.c.obj)
                0x0000000000003b84                CLOCK_SYS_Init
 .text.CLOCK_SYS_UpdateConfiguration
                0x0000000000003b9c       0xe8 ../../../../lib/ksdk_platform_lib/armgcc/KL03Z4/release/libksdk_platform.a(fsl_clock_manager.c.obj)
                0x0000000000003b9c                CLOCK_SYS_UpdateConfiguration
 .text.CLOCK_SYS_GetCurrentConfiguration
                0x0000000000003c84        0xc ../../../../lib/ksdk_platform_lib/armgcc/KL03Z4/release/libksdk_platform.a(fsl_clock_manager.c.obj)
                0x0000000000003c84                CLOCK_SYS_GetCurrentConfiguration
 .text.CLOCK_SYS_SetMcgliteMode
                0x0000000000003c90       0x80 ../../../../lib/ksdk_platform_lib/armgcc/KL03Z4/release/libksdk_platform.a(fsl_clock_manager.c.obj)
                0x0000000000003c90                CLOCK_SYS_SetMcgliteMode
 .text.SIM_HAL_GetGateCmd.constprop.4
                0x0000000000003d10       0x28 ../../../../lib/ksdk_platform_lib/armgcc/KL03Z4/release/libksdk_platform.a(fsl_clock_MKL03Z4.c.obj)
 .text.SIM_HAL_DisableClock.constprop.5
                0x0000000000003d38       0x24 ../../../../lib/ksdk_platform_lib/armgcc/KL03Z4/release/libksdk_platform.a(fsl_clock_MKL03Z4.c.obj)
 .text.SIM_HAL_EnableClock.constprop.6
                0x0000000000003d5c       0x24 ../../../../lib/ksdk_platform_lib/armgcc/KL03Z4/release/libksdk_platform.a(fsl_clock_MKL03Z4.c.obj)
 .text.CLOCK_SYS_SetConfiguration
                0x0000000000003d80       0x58 ../../../../lib/ksdk_platform_lib/armgcc/KL03Z4/release/libksdk_platform.a(fsl_clock_MKL03Z4.c.obj)
                0x0000000000003d80                CLOCK_SYS_SetConfiguration
 .text.CLOCK_SYS_GetCoreClockFreq
                0x0000000000003dd8       0x20 ../../../../lib/ksdk_platform_lib/armgcc/KL03Z4/release/libksdk_platform.a(fsl_clock_MKL03Z4.c.obj)
                0x0000000000003dd8                CLOCK_SYS_GetCoreClockFreq
 .text.CLOCK_SYS_GetSystemClockFreq
                0x0000000000003df8       0x20 ../../../../lib/ksdk_platform_lib/armgcc/KL03Z4/release/libksdk_platform.a(fsl_clock_MKL03Z4.c.obj)
                0x0000000000003df8                CLOCK_SYS_GetSystemClockFreq
 .text.CLOCK_SYS_GetBusClockFreq
                0x0000000000003e18       0x20 ../../../../lib/ksdk_platform_lib/armgcc/KL03Z4/release/libksdk_platform.a(fsl_clock_MKL03Z4.c.obj)
                0x0000000000003e18                CLOCK_SYS_GetBusClockFreq
 .text.CLOCK_SYS_GetFlashClockFreq
                0x0000000000003e38       0x20 ../../../../lib/ksdk_platform_lib/armgcc/KL03Z4/release/libksdk_platform.a(fsl_clock_MKL03Z4.c.obj)
                0x0000000000003e38                CLOCK_SYS_GetFlashClockFreq
 .text.CLOCK_SYS_GetExternalRefClock32kFreq
                0x0000000000003e58       0x40 ../../../../lib/ksdk_platform_lib/armgcc/KL03Z4/release/libksdk_platform.a(fsl_clock_MKL03Z4.c.obj)
                0x0000000000003e58                CLOCK_SYS_GetExternalRefClock32kFreq
 .text.CLOCK_SYS_GetRtcFreq
                0x0000000000003e98        0x8 ../../../../lib/ksdk_platform_lib/armgcc/KL03Z4/release/libksdk_platform.a(fsl_clock_MKL03Z4.c.obj)
                0x0000000000003e98                CLOCK_SYS_GetRtcFreq
 .text.CLOCK_SYS_GetOsc0ExternalRefClockFreq
                0x0000000000003ea0       0x20 ../../../../lib/ksdk_platform_lib/armgcc/KL03Z4/release/libksdk_platform.a(fsl_clock_MKL03Z4.c.obj)
                0x0000000000003ea0                CLOCK_SYS_GetOsc0ExternalRefClockFreq
 .text.CLOCK_SYS_GetRtcOutFreq
                0x0000000000003ec0       0x18 ../../../../lib/ksdk_platform_lib/armgcc/KL03Z4/release/libksdk_platform.a(fsl_clock_MKL03Z4.c.obj)
                0x0000000000003ec0                CLOCK_SYS_GetRtcOutFreq
 .text.CLOCK_SYS_GetFreq
                0x0000000000003ed8       0x7c ../../../../lib/ksdk_platform_lib/armgcc/KL03Z4/release/libksdk_platform.a(fsl_clock_MKL03Z4.c.obj)
                0x0000000000003ed8                CLOCK_SYS_GetFreq
 .text.CLOCK_SYS_EnablePortClock
                0x0000000000003f54       0x10 ../../../../lib/ksdk_platform_lib/armgcc/KL03Z4/release/libksdk_platform.a(fsl_clock_MKL03Z4.c.obj)
                0x0000000000003f54                CLOCK_SYS_EnablePortClock
 .text.CLOCK_SYS_GetPortGateCmd
                0x0000000000003f64       0x10 ../../../../lib/ksdk_platform_lib/armgcc/KL03Z4/release/libksdk_platform.a(fsl_clock_MKL03Z4.c.obj)
                0x0000000000003f64                CLOCK_SYS_GetPortGateCmd
 .text.CLOCK_SYS_GetAdcGateCmd
                0x0000000000003f74        0xa ../../../../lib/ksdk_platform_lib/armgcc/KL03Z4/release/libksdk_platform.a(fsl_clock_MKL03Z4.c.obj)
                0x0000000000003f74                CLOCK_SYS_GetAdcGateCmd
 .text.CLOCK_SYS_EnableSpiClock
                0x0000000000003f7e        0xa ../../../../lib/ksdk_platform_lib/armgcc/KL03Z4/release/libksdk_platform.a(fsl_clock_MKL03Z4.c.obj)
                0x0000000000003f7e                CLOCK_SYS_EnableSpiClock
 .text.CLOCK_SYS_DisableSpiClock
                0x0000000000003f88        0xa ../../../../lib/ksdk_platform_lib/armgcc/KL03Z4/release/libksdk_platform.a(fsl_clock_MKL03Z4.c.obj)
                0x0000000000003f88                CLOCK_SYS_DisableSpiClock
 .text.CLOCK_SYS_GetSpiGateCmd
                0x0000000000003f92        0xa ../../../../lib/ksdk_platform_lib/armgcc/KL03Z4/release/libksdk_platform.a(fsl_clock_MKL03Z4.c.obj)
                0x0000000000003f92                CLOCK_SYS_GetSpiGateCmd
 .text.CLOCK_SYS_EnableI2cClock
                0x0000000000003f9c        0xa ../../../../lib/ksdk_platform_lib/armgcc/KL03Z4/release/libksdk_platform.a(fsl_clock_MKL03Z4.c.obj)
                0x0000000000003f9c                CLOCK_SYS_EnableI2cClock
 .text.CLOCK_SYS_DisableI2cClock
                0x0000000000003fa6        0xa ../../../../lib/ksdk_platform_lib/armgcc/KL03Z4/release/libksdk_platform.a(fsl_clock_MKL03Z4.c.obj)
                0x0000000000003fa6                CLOCK_SYS_DisableI2cClock
 .text.CLOCK_SYS_GetI2cGateCmd
                0x0000000000003fb0        0xa ../../../../lib/ksdk_platform_lib/armgcc/KL03Z4/release/libksdk_platform.a(fsl_clock_MKL03Z4.c.obj)
                0x0000000000003fb0                CLOCK_SYS_GetI2cGateCmd
 .text.CLOCK_SYS_GetLpuartGateCmd
                0x0000000000003fba        0xa ../../../../lib/ksdk_platform_lib/armgcc/KL03Z4/release/libksdk_platform.a(fsl_clock_MKL03Z4.c.obj)
                0x0000000000003fba                CLOCK_SYS_GetLpuartGateCmd
 .text.CLOCK_SYS_GetTpmGateCmd
                0x0000000000003fc4       0x10 ../../../../lib/ksdk_platform_lib/armgcc/KL03Z4/release/libksdk_platform.a(fsl_clock_MKL03Z4.c.obj)
                0x0000000000003fc4                CLOCK_SYS_GetTpmGateCmd
 .text.INT_SYS_EnableIRQGlobal
                0x0000000000003fd4       0x18 ../../../../lib/ksdk_platform_lib/armgcc/KL03Z4/release/libksdk_platform.a(fsl_interrupt_manager.c.obj)
                0x0000000000003fd4                INT_SYS_EnableIRQGlobal
 .text.INT_SYS_DisableIRQGlobal
                0x0000000000003fec       0x10 ../../../../lib/ksdk_platform_lib/armgcc/KL03Z4/release/libksdk_platform.a(fsl_interrupt_manager.c.obj)
                0x0000000000003fec                INT_SYS_DisableIRQGlobal
 .text.POWER_SYS_WaitForRunStatus
                0x0000000000003ffc       0x3c ../../../../lib/ksdk_platform_lib/armgcc/KL03Z4/release/libksdk_platform.a(fsl_power_manager.c.obj)
 .text.POWER_SYS_WaitForVlprStatus
                0x0000000000004038       0x24 ../../../../lib/ksdk_platform_lib/armgcc/KL03Z4/release/libksdk_platform.a(fsl_power_manager.c.obj)
 .text.POWER_SYS_Init
                0x000000000000405c       0x44 ../../../../lib/ksdk_platform_lib/armgcc/KL03Z4/release/libksdk_platform.a(fsl_power_manager.c.obj)
                0x000000000000405c                POWER_SYS_Init
 .text.POWER_SYS_SetMode
                0x00000000000040a0      0x2e4 ../../../../lib/ksdk_platform_lib/armgcc/KL03Z4/release/libksdk_platform.a(fsl_power_manager.c.obj)
                0x00000000000040a0                POWER_SYS_SetMode
 .text.POWER_SYS_GetCurrentMode
                0x0000000000004384       0x20 ../../../../lib/ksdk_platform_lib/armgcc/KL03Z4/release/libksdk_platform.a(fsl_power_manager.c.obj)
                0x0000000000004384                POWER_SYS_GetCurrentMode
 .text.GPIO_DRV_InputPinInit
                0x00000000000043a4       0x8c ../../../../lib/ksdk_platform_lib/armgcc/KL03Z4/release/libksdk_platform.a(fsl_gpio_driver.c.obj)
                0x00000000000043a4                GPIO_DRV_InputPinInit
 .text.GPIO_DRV_OutputPinInit
                0x0000000000004430       0x58 ../../../../lib/ksdk_platform_lib/armgcc/KL03Z4/release/libksdk_platform.a(fsl_gpio_driver.c.obj)
                0x0000000000004430                GPIO_DRV_OutputPinInit
 .text.GPIO_DRV_Init
                0x0000000000004488       0x36 ../../../../lib/ksdk_platform_lib/armgcc/KL03Z4/release/libksdk_platform.a(fsl_gpio_driver.c.obj)
                0x0000000000004488                GPIO_DRV_Init
 *fill*         0x00000000000044be        0x2 
 .text.GPIO_DRV_SetPinOutput
                0x00000000000044c0       0x1c ../../../../lib/ksdk_platform_lib/armgcc/KL03Z4/release/libksdk_platform.a(fsl_gpio_driver.c.obj)
                0x00000000000044c0                GPIO_DRV_SetPinOutput
 .text.GPIO_DRV_ClearPinOutput
                0x00000000000044dc       0x1c ../../../../lib/ksdk_platform_lib/armgcc/KL03Z4/release/libksdk_platform.a(fsl_gpio_driver.c.obj)
                0x00000000000044dc                GPIO_DRV_ClearPinOutput
 .text.I2C_DRV_IRQHandler
                0x00000000000044f8       0x28 ../../../../lib/ksdk_platform_lib/armgcc/KL03Z4/release/libksdk_platform.a(fsl_i2c_shared_function.c.obj)
                0x00000000000044f8                I2C_DRV_IRQHandler
 .text.I2C_HAL_WriteByte
                0x0000000000004520       0x14 ../../../../lib/ksdk_platform_lib/armgcc/KL03Z4/release/libksdk_platform.a(fsl_i2c_master_driver.c.obj)
 .text.I2C_DRV_MasterWait
                0x0000000000004534       0x2c ../../../../lib/ksdk_platform_lib/armgcc/KL03Z4/release/libksdk_platform.a(fsl_i2c_master_driver.c.obj)
 .text.I2C_DRV_SendAddress.isra.1
                0x0000000000004560       0xf0 ../../../../lib/ksdk_platform_lib/armgcc/KL03Z4/release/libksdk_platform.a(fsl_i2c_master_driver.c.obj)
 .text.I2C_DRV_CompleteTransfer
                0x0000000000004650       0x4c ../../../../lib/ksdk_platform_lib/armgcc/KL03Z4/release/libksdk_platform.a(fsl_i2c_master_driver.c.obj)
 .text.I2C_DRV_MasterInit
                0x000000000000469c       0x78 ../../../../lib/ksdk_platform_lib/armgcc/KL03Z4/release/libksdk_platform.a(fsl_i2c_master_driver.c.obj)
                0x000000000000469c                I2C_DRV_MasterInit
 .text.I2C_DRV_MasterDeinit
                0x0000000000004714       0x50 ../../../../lib/ksdk_platform_lib/armgcc/KL03Z4/release/libksdk_platform.a(fsl_i2c_master_driver.c.obj)
                0x0000000000004714                I2C_DRV_MasterDeinit
 .text.I2C_DRV_MasterSetBaudRate
                0x0000000000004764       0x34 ../../../../lib/ksdk_platform_lib/armgcc/KL03Z4/release/libksdk_platform.a(fsl_i2c_master_driver.c.obj)
                0x0000000000004764                I2C_DRV_MasterSetBaudRate
 .text.I2C_DRV_MasterSend
                0x0000000000004798       0xe4 ../../../../lib/ksdk_platform_lib/armgcc/KL03Z4/release/libksdk_platform.a(fsl_i2c_master_driver.c.obj)
 .text.I2C_DRV_MasterReceive
                0x000000000000487c       0xf8 ../../../../lib/ksdk_platform_lib/armgcc/KL03Z4/release/libksdk_platform.a(fsl_i2c_master_driver.c.obj)
 .text.I2C_DRV_MasterSendDataBlocking
                0x0000000000004974       0x1a ../../../../lib/ksdk_platform_lib/armgcc/KL03Z4/release/libksdk_platform.a(fsl_i2c_master_driver.c.obj)
                0x0000000000004974                I2C_DRV_MasterSendDataBlocking
 .text.I2C_DRV_MasterReceiveDataBlocking
                0x000000000000498e       0x1a ../../../../lib/ksdk_platform_lib/armgcc/KL03Z4/release/libksdk_platform.a(fsl_i2c_master_driver.c.obj)
                0x000000000000498e                I2C_DRV_MasterReceiveDataBlocking
 .text.I2C_DRV_MasterIRQHandler
                0x00000000000049a8       0xa0 ../../../../lib/ksdk_platform_lib/armgcc/KL03Z4/release/libksdk_platform.a(fsl_i2c_master_driver.c.obj)
                0x00000000000049a8                I2C_DRV_MasterIRQHandler
 .text.I2C_HAL_ClearInt
                0x0000000000004a48        0xe ../../../../lib/ksdk_platform_lib/armgcc/KL03Z4/release/libksdk_platform.a(fsl_i2c_slave_driver.c.obj)
 *fill*         0x0000000000004a56        0x2 
 .text.I2C_DRV_SlaveIRQHandler
                0x0000000000004a58      0x24c ../../../../lib/ksdk_platform_lib/armgcc/KL03Z4/release/libksdk_platform.a(fsl_i2c_slave_driver.c.obj)
                0x0000000000004a58                I2C_DRV_SlaveIRQHandler
 .text.LLWU_HAL_ClearExternalPinWakeupFlag
                0x0000000000004ca4       0x22 ../../../../lib/ksdk_platform_lib/armgcc/KL03Z4/release/libksdk_platform.a(fsl_llwu_hal.c.obj)
                0x0000000000004ca4                LLWU_HAL_ClearExternalPinWakeupFlag
 *fill*         0x0000000000004cc6        0x2 
 .text.LPUART_DRV_CompleteSendData
                0x0000000000004cc8       0x34 ../../../../lib/ksdk_platform_lib/armgcc/KL03Z4/release/libksdk_platform.a(fsl_lpuart_driver.c.obj)
 .text.LPUART_DRV_CompleteReceiveData
                0x0000000000004cfc       0x40 ../../../../lib/ksdk_platform_lib/armgcc/KL03Z4/release/libksdk_platform.a(fsl_lpuart_driver.c.obj)
 .text.LPUART_DRV_IrqHandler
                0x0000000000004d3c       0xc0 ../../../../lib/ksdk_platform_lib/armgcc/KL03Z4/release/libksdk_platform.a(fsl_lpuart_driver.c.obj)
                0x0000000000004d3c                LPUART_DRV_IrqHandler
 .text.CLOCK_HAL_GetLircClk
                0x0000000000004dfc       0x30 ../../../../lib/ksdk_platform_lib/armgcc/KL03Z4/release/libksdk_platform.a(fsl_mcglite_hal.c.obj)
                0x0000000000004dfc                CLOCK_HAL_GetLircClk
 .text.CLOCK_HAL_GetInternalRefClk
                0x0000000000004e2c       0x2c ../../../../lib/ksdk_platform_lib/armgcc/KL03Z4/release/libksdk_platform.a(fsl_mcglite_hal.c.obj)
                0x0000000000004e2c                CLOCK_HAL_GetInternalRefClk
 .text.CLOCK_HAL_GetOutClk
                0x0000000000004e58       0x48 ../../../../lib/ksdk_platform_lib/armgcc/KL03Z4/release/libksdk_platform.a(fsl_mcglite_hal.c.obj)
                0x0000000000004e58                CLOCK_HAL_GetOutClk
 .text.CLOCK_HAL_GetMode
                0x0000000000004ea0       0x38 ../../../../lib/ksdk_platform_lib/armgcc/KL03Z4/release/libksdk_platform.a(fsl_mcglite_hal_modes.c.obj)
                0x0000000000004ea0                CLOCK_HAL_GetMode
 .text.CLOCK_HAL_SetHircMode
                0x0000000000004ed8       0x38 ../../../../lib/ksdk_platform_lib/armgcc/KL03Z4/release/libksdk_platform.a(fsl_mcglite_hal_modes.c.obj)
                0x0000000000004ed8                CLOCK_HAL_SetHircMode
 .text.CLOCK_HAL_SetLircMode
                0x0000000000004f10       0x84 ../../../../lib/ksdk_platform_lib/armgcc/KL03Z4/release/libksdk_platform.a(fsl_mcglite_hal_modes.c.obj)
                0x0000000000004f10                CLOCK_HAL_SetLircMode
 .text.CLOCK_HAL_SetExtMode
                0x0000000000004f94       0x38 ../../../../lib/ksdk_platform_lib/armgcc/KL03Z4/release/libksdk_platform.a(fsl_mcglite_hal_modes.c.obj)
                0x0000000000004f94                CLOCK_HAL_SetExtMode
 .text.OSC_HAL_SetExternalRefClkCmd
                0x0000000000004fcc        0xe ../../../../lib/ksdk_platform_lib/armgcc/KL03Z4/release/libksdk_platform.a(fsl_osc_hal.c.obj)
                0x0000000000004fcc                OSC_HAL_SetExternalRefClkCmd
 .text.OSC_HAL_GetExternalRefClkCmd
                0x0000000000004fda       0x10 ../../../../lib/ksdk_platform_lib/armgcc/KL03Z4/release/libksdk_platform.a(fsl_osc_hal.c.obj)
                0x0000000000004fda                OSC_HAL_GetExternalRefClkCmd
 .text.OSC_HAL_SetExternalRefClkInStopModeCmd
                0x0000000000004fea        0xe ../../../../lib/ksdk_platform_lib/armgcc/KL03Z4/release/libksdk_platform.a(fsl_osc_hal.c.obj)
                0x0000000000004fea                OSC_HAL_SetExternalRefClkInStopModeCmd
 .text.RTC_HAL_ConvertSecsToDatetime
                0x0000000000004ff8       0x9c ../../../../lib/ksdk_platform_lib/armgcc/KL03Z4/release/libksdk_platform.a(fsl_rtc_hal.c.obj)
                0x0000000000004ff8                RTC_HAL_ConvertSecsToDatetime
 .text.RTC_HAL_IsDatetimeCorrectFormat
                0x0000000000005094       0x54 ../../../../lib/ksdk_platform_lib/armgcc/KL03Z4/release/libksdk_platform.a(fsl_rtc_hal.c.obj)
                0x0000000000005094                RTC_HAL_IsDatetimeCorrectFormat
 .text.RTC_HAL_ConvertDatetimeToSecs
                0x00000000000050e8       0x58 ../../../../lib/ksdk_platform_lib/armgcc/KL03Z4/release/libksdk_platform.a(fsl_rtc_hal.c.obj)
                0x00000000000050e8                RTC_HAL_ConvertDatetimeToSecs
 .text.RTC_HAL_Enable
                0x0000000000005140       0x28 ../../../../lib/ksdk_platform_lib/armgcc/KL03Z4/release/libksdk_platform.a(fsl_rtc_hal.c.obj)
                0x0000000000005140                RTC_HAL_Enable
 .text.RTC_HAL_Init
                0x0000000000005168       0x38 ../../../../lib/ksdk_platform_lib/armgcc/KL03Z4/release/libksdk_platform.a(fsl_rtc_hal.c.obj)
                0x0000000000005168                RTC_HAL_Init
 .text.RTC_HAL_SetDatetimeInsecs
                0x00000000000051a0       0x18 ../../../../lib/ksdk_platform_lib/armgcc/KL03Z4/release/libksdk_platform.a(fsl_rtc_hal.c.obj)
                0x00000000000051a0                RTC_HAL_SetDatetimeInsecs
 .text.RTC_HAL_GetDatetimeInSecs
                0x00000000000051b8        0x6 ../../../../lib/ksdk_platform_lib/armgcc/KL03Z4/release/libksdk_platform.a(fsl_rtc_hal.c.obj)
                0x00000000000051b8                RTC_HAL_GetDatetimeInSecs
 *fill*         0x00000000000051be        0x2 
 .text.RTC_DRV_Init
                0x00000000000051c0       0x5c ../../../../lib/ksdk_platform_lib/armgcc/KL03Z4/release/libksdk_platform.a(fsl_rtc_driver.c.obj)
                0x00000000000051c0                RTC_DRV_Init
 .text.RTC_DRV_SetDatetime
                0x000000000000521c       0x50 ../../../../lib/ksdk_platform_lib/armgcc/KL03Z4/release/libksdk_platform.a(fsl_rtc_driver.c.obj)
                0x000000000000521c                RTC_DRV_SetDatetime
 .text.RTC_DRV_GetDatetime
                0x000000000000526c       0x58 ../../../../lib/ksdk_platform_lib/armgcc/KL03Z4/release/libksdk_platform.a(fsl_rtc_driver.c.obj)
                0x000000000000526c                RTC_DRV_GetDatetime
 .text.RTC_DRV_SetAlarm
                0x00000000000052c4       0x6c ../../../../lib/ksdk_platform_lib/armgcc/KL03Z4/release/libksdk_platform.a(fsl_rtc_driver.c.obj)
                0x00000000000052c4                RTC_DRV_SetAlarm
 .text.RTC_DRV_SetAlarmIntCmd
                0x0000000000005330       0x18 ../../../../lib/ksdk_platform_lib/armgcc/KL03Z4/release/libksdk_platform.a(fsl_rtc_driver.c.obj)
                0x0000000000005330                RTC_DRV_SetAlarmIntCmd
 .text.RTC_DRV_IsAlarmPending
                0x0000000000005348       0x1c ../../../../lib/ksdk_platform_lib/armgcc/KL03Z4/release/libksdk_platform.a(fsl_rtc_driver.c.obj)
                0x0000000000005348                RTC_DRV_IsAlarmPending
 .text.CLOCK_HAL_SetOutDiv
                0x0000000000005364       0x20 ../../../../lib/ksdk_platform_lib/armgcc/KL03Z4/release/libksdk_platform.a(fsl_sim_hal_MKL03Z4.c.obj)
                0x0000000000005364                CLOCK_HAL_SetOutDiv
 .text.SPI_DRV_IRQHandler
                0x0000000000005384       0x28 ../../../../lib/ksdk_platform_lib/armgcc/KL03Z4/release/libksdk_platform.a(fsl_spi_shared_function.c.obj)
                0x0000000000005384                SPI_DRV_IRQHandler
 .text.SPI_DRV_MasterCompleteTransfer
                0x00000000000053ac       0x3c ../../../../lib/ksdk_platform_lib/armgcc/KL03Z4/release/libksdk_platform.a(fsl_spi_master_driver.c.obj)
 .text.SPI_DRV_MasterInit
                0x00000000000053e8       0x84 ../../../../lib/ksdk_platform_lib/armgcc/KL03Z4/release/libksdk_platform.a(fsl_spi_master_driver.c.obj)
                0x00000000000053e8                SPI_DRV_MasterInit
 .text.SPI_DRV_MasterDeinit
                0x000000000000546c       0x48 ../../../../lib/ksdk_platform_lib/armgcc/KL03Z4/release/libksdk_platform.a(fsl_spi_master_driver.c.obj)
                0x000000000000546c                SPI_DRV_MasterDeinit
 .text.SPI_DRV_MasterConfigureBus
                0x00000000000054b4       0x34 ../../../../lib/ksdk_platform_lib/armgcc/KL03Z4/release/libksdk_platform.a(fsl_spi_master_driver.c.obj)
                0x00000000000054b4                SPI_DRV_MasterConfigureBus
 .text.SPI_DRV_MasterStartTransfer
                0x00000000000054e8       0x88 ../../../../lib/ksdk_platform_lib/armgcc/KL03Z4/release/libksdk_platform.a(fsl_spi_master_driver.c.obj)
 .text.SPI_DRV_MasterTransferBlocking
                0x0000000000005570       0x58 ../../../../lib/ksdk_platform_lib/armgcc/KL03Z4/release/libksdk_platform.a(fsl_spi_master_driver.c.obj)
                0x0000000000005570                SPI_DRV_MasterTransferBlocking
 .text.SPI_DRV_MasterIRQHandler
                0x00000000000055c8       0x88 ../../../../lib/ksdk_platform_lib/armgcc/KL03Z4/release/libksdk_platform.a(fsl_spi_master_driver.c.obj)
                0x00000000000055c8                SPI_DRV_MasterIRQHandler
 .text.SPI_DRV_SlaveCompleteTransfer
                0x0000000000005650       0x4c ../../../../lib/ksdk_platform_lib/armgcc/KL03Z4/release/libksdk_platform.a(fsl_spi_slave_driver.c.obj)
 .text.SPI_DRV_SlaveIRQHandler
                0x000000000000569c       0xa0 ../../../../lib/ksdk_platform_lib/armgcc/KL03Z4/release/libksdk_platform.a(fsl_spi_slave_driver.c.obj)
                0x000000000000569c                SPI_DRV_SlaveIRQHandler
 .text.SMC_HAL_GetProtectionMode
                0x000000000000573c       0x20 ../../../../lib/ksdk_platform_lib/armgcc/KL03Z4/release/libksdk_platform.a(fsl_smc_hal.c.obj)
                0x000000000000573c                SMC_HAL_GetProtectionMode
 .text.SMC_HAL_SetRunMode
                0x000000000000575c       0x14 ../../../../lib/ksdk_platform_lib/armgcc/KL03Z4/release/libksdk_platform.a(fsl_smc_hal.c.obj)
                0x000000000000575c                SMC_HAL_SetRunMode
 .text.SMC_HAL_SetPorMode
                0x0000000000005770       0x10 ../../../../lib/ksdk_platform_lib/armgcc/KL03Z4/release/libksdk_platform.a(fsl_smc_hal.c.obj)
                0x0000000000005770                SMC_HAL_SetPorMode
 .text.SMC_HAL_SetPstopMode
                0x0000000000005780       0x14 ../../../../lib/ksdk_platform_lib/armgcc/KL03Z4/release/libksdk_platform.a(fsl_smc_hal.c.obj)
                0x0000000000005780                SMC_HAL_SetPstopMode
 .text.SMC_HAL_SetLpoMode
                0x0000000000005794       0x10 ../../../../lib/ksdk_platform_lib/armgcc/KL03Z4/release/libksdk_platform.a(fsl_smc_hal.c.obj)
                0x0000000000005794                SMC_HAL_SetLpoMode
 .text.SMC_HAL_SetMode
                0x00000000000057a4       0xf4 ../../../../lib/ksdk_platform_lib/armgcc/KL03Z4/release/libksdk_platform.a(fsl_smc_hal.c.obj)
                0x00000000000057a4                SMC_HAL_SetMode
 .text.SMC_HAL_GetStat
                0x0000000000005898       0x10 ../../../../lib/ksdk_platform_lib/armgcc/KL03Z4/release/libksdk_platform.a(fsl_smc_hal.c.obj)
                0x0000000000005898                SMC_HAL_GetStat
 .text.GPIO_HAL_SetPinDir
                0x00000000000058a8       0x20 ../../../../lib/ksdk_platform_lib/armgcc/KL03Z4/release/libksdk_platform.a(fsl_gpio_hal.c.obj)
                0x00000000000058a8                GPIO_HAL_SetPinDir
 .text.GPIO_HAL_WritePinOutput
                0x00000000000058c8       0x10 ../../../../lib/ksdk_platform_lib/armgcc/KL03Z4/release/libksdk_platform.a(fsl_gpio_hal.c.obj)
                0x00000000000058c8                GPIO_HAL_WritePinOutput
 .text.I2C_HAL_Init
                0x00000000000058d8       0x1c ../../../../lib/ksdk_platform_lib/armgcc/KL03Z4/release/libksdk_platform.a(fsl_i2c_hal.c.obj)
                0x00000000000058d8                I2C_HAL_Init
 .text.I2C_HAL_SetBaudRate
                0x00000000000058f4       0x7c ../../../../lib/ksdk_platform_lib/armgcc/KL03Z4/release/libksdk_platform.a(fsl_i2c_hal.c.obj)
                0x00000000000058f4                I2C_HAL_SetBaudRate
 .text.I2C_HAL_SendStart
                0x0000000000005970       0x24 ../../../../lib/ksdk_platform_lib/armgcc/KL03Z4/release/libksdk_platform.a(fsl_i2c_hal.c.obj)
                0x0000000000005970                I2C_HAL_SendStart
 .text.I2C_HAL_SendStop
                0x0000000000005994       0x3a ../../../../lib/ksdk_platform_lib/armgcc/KL03Z4/release/libksdk_platform.a(fsl_i2c_hal.c.obj)
                0x0000000000005994                I2C_HAL_SendStop
 .text.LPUART_HAL_SetIntMode
                0x00000000000059ce       0x3e ../../../../lib/ksdk_platform_lib/armgcc/KL03Z4/release/libksdk_platform.a(fsl_lpuart_hal.c.obj)
                0x00000000000059ce                LPUART_HAL_SetIntMode
 .text.LPUART_HAL_GetStatusFlag
                0x0000000000005a0c       0x32 ../../../../lib/ksdk_platform_lib/armgcc/KL03Z4/release/libksdk_platform.a(fsl_lpuart_hal.c.obj)
                0x0000000000005a0c                LPUART_HAL_GetStatusFlag
 *fill*         0x0000000000005a3e        0x2 
 .text.LPUART_HAL_ClearStatusFlag
                0x0000000000005a40       0xac ../../../../lib/ksdk_platform_lib/armgcc/KL03Z4/release/libksdk_platform.a(fsl_lpuart_hal.c.obj)
                0x0000000000005a40                LPUART_HAL_ClearStatusFlag
 .text.SPI_HAL_Init
                0x0000000000005aec        0xe ../../../../lib/ksdk_platform_lib/armgcc/KL03Z4/release/libksdk_platform.a(fsl_spi_hal.c.obj)
                0x0000000000005aec                SPI_HAL_Init
 .text.SPI_HAL_SetBaud
                0x0000000000005afa       0x72 ../../../../lib/ksdk_platform_lib/armgcc/KL03Z4/release/libksdk_platform.a(fsl_spi_hal.c.obj)
                0x0000000000005afa                SPI_HAL_SetBaud
 .text.SPI_HAL_SetSlaveSelectOutputMode
                0x0000000000005b6c       0x26 ../../../../lib/ksdk_platform_lib/armgcc/KL03Z4/release/libksdk_platform.a(fsl_spi_hal.c.obj)
                0x0000000000005b6c                SPI_HAL_SetSlaveSelectOutputMode
 .text.SPI_HAL_SetDataFormat
                0x0000000000005b92       0x26 ../../../../lib/ksdk_platform_lib/armgcc/KL03Z4/release/libksdk_platform.a(fsl_spi_hal.c.obj)
                0x0000000000005b92                SPI_HAL_SetDataFormat
 .text.SPI_HAL_SetPinMode
                0x0000000000005bb8       0x20 ../../../../lib/ksdk_platform_lib/armgcc/KL03Z4/release/libksdk_platform.a(fsl_spi_hal.c.obj)
                0x0000000000005bb8                SPI_HAL_SetPinMode
 .text.bzero    0x0000000000005bd8       0x10 /Users/Rahul/bare-metal-arm/gcc-arm-none-eabi-4_8-2014q1/bin/../lib/gcc/arm-none-eabi/4.8.3/../../../../arm-none-eabi/lib/armv6-m/libc_s.a(lib_a-bzero.o)
                0x0000000000005bd8                bzero
 .text.exit     0x0000000000005be8       0x2c /Users/Rahul/bare-metal-arm/gcc-arm-none-eabi-4_8-2014q1/bin/../lib/gcc/arm-none-eabi/4.8.3/../../../../arm-none-eabi/lib/armv6-m/libc_s.a(lib_a-exit.o)
                0x0000000000005be8                exit
 .text.__libc_init_array
                0x0000000000005c14       0x4c /Users/Rahul/bare-metal-arm/gcc-arm-none-eabi-4_8-2014q1/bin/../lib/gcc/arm-none-eabi/4.8.3/../../../../arm-none-eabi/lib/armv6-m/libc_s.a(lib_a-init.o)
                0x0000000000005c14                __libc_init_array
 .text.memcpy   0x0000000000005c60       0x12 /Users/Rahul/bare-metal-arm/gcc-arm-none-eabi-4_8-2014q1/bin/../lib/gcc/arm-none-eabi/4.8.3/../../../../arm-none-eabi/lib/armv6-m/libc_s.a(lib_a-memcpy-stub.o)
                0x0000000000005c60                memcpy
 .text.memset   0x0000000000005c72       0x10 /Users/Rahul/bare-metal-arm/gcc-arm-none-eabi-4_8-2014q1/bin/../lib/gcc/arm-none-eabi/4.8.3/../../../../arm-none-eabi/lib/armv6-m/libc_s.a(lib_a-memset.o)
                0x0000000000005c72                memset
 .text.strcpy   0x0000000000005c82       0x10 /Users/Rahul/bare-metal-arm/gcc-arm-none-eabi-4_8-2014q1/bin/../lib/gcc/arm-none-eabi/4.8.3/../../../../arm-none-eabi/lib/armv6-m/libc_s.a(lib_a-strcpy.o)
                0x0000000000005c82                strcpy
 .text.strlen   0x0000000000005c92        0xe /Users/Rahul/bare-metal-arm/gcc-arm-none-eabi-4_8-2014q1/bin/../lib/gcc/arm-none-eabi/4.8.3/../../../../arm-none-eabi/lib/armv6-m/libc_s.a(lib_a-strlen.o)
                0x0000000000005c92                strlen
 .text._exit    0x0000000000005ca0        0x4 /Users/Rahul/bare-metal-arm/gcc-arm-none-eabi-4_8-2014q1/bin/../lib/gcc/arm-none-eabi/4.8.3/../../../../arm-none-eabi/lib/armv6-m/libnosys.a(_exit.o)
                0x0000000000005ca0                _exit
 *(.rodata)
 .rodata        0x0000000000005ca4       0x40 /Users/Rahul/bare-metal-arm/gcc-arm-none-eabi-4_8-2014q1/bin/../lib/gcc/arm-none-eabi/4.8.3/armv6-m/libgcc.a(muldf3.o)
 *(.rodata*)
 .rodata.str1.1
                0x0000000000005ce4     0x1add CMakeFiles/Warp.dir/Users/Rahul/Warp-firmware/build/ksdk1.1/work/demos/Warp/src/boot.c.obj
                                       0x1ae9 (size before relaxing)
 .rodata.gWarpEfmt
                0x00000000000077c1       0x26 CMakeFiles/Warp.dir/Users/Rahul/Warp-firmware/build/ksdk1.1/work/demos/Warp/src/errstrsEN.c.obj
                0x00000000000077c1                gWarpEfmt
 .rodata.gWarpEsensorConfig
                0x00000000000077e7       0x20 CMakeFiles/Warp.dir/Users/Rahul/Warp-firmware/build/ksdk1.1/work/demos/Warp/src/errstrsEN.c.obj
                0x00000000000077e7                gWarpEsensorConfig
 .rodata.str1.1
                0x0000000000007807      0x14d CMakeFiles/Warp.dir/Users/Rahul/Warp-firmware/build/ksdk1.1/work/demos/Warp/src/devADXL362.c.obj
                                        0x152 (size before relaxing)
 .rodata.str1.1
                0x0000000000000000       0x1c CMakeFiles/Warp.dir/Users/Rahul/Warp-firmware/build/ksdk1.1/work/demos/Warp/src/devMMA8451Q.c.obj
 .rodata.config
                0x0000000000007954        0x2 CMakeFiles/Warp.dir/Users/Rahul/Warp-firmware/build/ksdk1.1/work/demos/Warp/src/devINA219.c.obj
 .rodata.str1.1
                0x0000000000007956       0x14 CMakeFiles/Warp.dir/Users/Rahul/Warp-firmware/build/ksdk1.1/work/demos/Warp/src/SEGGER_RTT.c.obj
 .rodata._aV2C.4395
                0x000000000000796a       0x10 CMakeFiles/Warp.dir/Users/Rahul/Warp-firmware/build/ksdk1.1/work/demos/Warp/src/SEGGER_RTT_printf.c.obj
 .rodata.portGateTable
                0x000000000000797a        0x2 ../../../../lib/ksdk_platform_lib/armgcc/KL03Z4/release/libksdk_platform.a(fsl_clock_MKL03Z4.c.obj)
 .rodata.tpmGateTable
                0x000000000000797c        0x2 ../../../../lib/ksdk_platform_lib/armgcc/KL03Z4/release/libksdk_platform.a(fsl_clock_MKL03Z4.c.obj)
 .rodata.g_i2cIrqId
                0x000000000000797e        0x1 ../../../../lib/ksdk_platform_lib/armgcc/KL03Z4/release/libksdk_platform.a(fsl_i2c_common.c.obj)
                0x000000000000797e                g_i2cIrqId
 *fill*         0x000000000000797f        0x1 
 .rodata.g_i2cBaseAddr
                0x0000000000007980        0x4 ../../../../lib/ksdk_platform_lib/armgcc/KL03Z4/release/libksdk_platform.a(fsl_i2c_common.c.obj)
                0x0000000000007980                g_i2cBaseAddr
 .rodata.g_lpuartBaseAddr
                0x0000000000007984        0x4 ../../../../lib/ksdk_platform_lib/armgcc/KL03Z4/release/libksdk_platform.a(fsl_lpuart_common.c.obj)
                0x0000000000007984                g_lpuartBaseAddr
 .rodata.MONTH_DAYS
                0x0000000000007988       0x1a ../../../../lib/ksdk_platform_lib/armgcc/KL03Z4/release/libksdk_platform.a(fsl_rtc_hal.c.obj)
 .rodata.LY     0x00000000000079a2        0xd ../../../../lib/ksdk_platform_lib/armgcc/KL03Z4/release/libksdk_platform.a(fsl_rtc_hal.c.obj)
 .rodata.ULY    0x00000000000079af        0xd ../../../../lib/ksdk_platform_lib/armgcc/KL03Z4/release/libksdk_platform.a(fsl_rtc_hal.c.obj)
 .rodata.g_rtcSecondsIrqId
                0x00000000000079bc        0x1 ../../../../lib/ksdk_platform_lib/armgcc/KL03Z4/release/libksdk_platform.a(fsl_rtc_common.c.obj)
                0x00000000000079bc                g_rtcSecondsIrqId
 .rodata.g_rtcIrqId
                0x00000000000079bd        0x1 ../../../../lib/ksdk_platform_lib/armgcc/KL03Z4/release/libksdk_platform.a(fsl_rtc_common.c.obj)
                0x00000000000079bd                g_rtcIrqId
 *fill*         0x00000000000079be        0x2 
 .rodata.g_rtcBaseAddr
                0x00000000000079c0        0x4 ../../../../lib/ksdk_platform_lib/armgcc/KL03Z4/release/libksdk_platform.a(fsl_rtc_common.c.obj)
                0x00000000000079c0                g_rtcBaseAddr
 .rodata.g_spiIrqId
                0x00000000000079c4        0x1 ../../../../lib/ksdk_platform_lib/armgcc/KL03Z4/release/libksdk_platform.a(fsl_spi_common.c.obj)
                0x00000000000079c4                g_spiIrqId
 *fill*         0x00000000000079c5        0x3 
 .rodata.g_spiBaseAddr
                0x00000000000079c8        0x4 ../../../../lib/ksdk_platform_lib/armgcc/KL03Z4/release/libksdk_platform.a(fsl_spi_common.c.obj)
                0x00000000000079c8                g_spiBaseAddr
 .rodata.g_oscBaseAddr
                0x00000000000079cc        0x4 ../../../../lib/ksdk_platform_lib/armgcc/KL03Z4/release/libksdk_platform.a(fsl_clock_manager_common.c.obj)
                0x00000000000079cc                g_oscBaseAddr
 .rodata.g_portBaseAddr
                0x00000000000079d0        0x8 ../../../../lib/ksdk_platform_lib/armgcc/KL03Z4/release/libksdk_platform.a(fsl_gpio_common.c.obj)
                0x00000000000079d0                g_portBaseAddr
 .rodata.g_gpioBaseAddr
                0x00000000000079d8        0x8 ../../../../lib/ksdk_platform_lib/armgcc/KL03Z4/release/libksdk_platform.a(fsl_gpio_common.c.obj)
                0x00000000000079d8                g_gpioBaseAddr
 .rodata.g_portIrqId
                0x00000000000079e0        0x2 ../../../../lib/ksdk_platform_lib/armgcc/KL03Z4/release/libksdk_platform.a(fsl_gpio_common.c.obj)
                0x00000000000079e0                g_portIrqId
 .rodata.kI2CDividerTable
                0x00000000000079e2       0xc8 ../../../../lib/ksdk_platform_lib/armgcc/KL03Z4/release/libksdk_platform.a(fsl_i2c_hal.c.obj)
                0x00000000000079e2                kI2CDividerTable
 .rodata.str1.1
                0x0000000000007aaa        0x2 /Users/Rahul/bare-metal-arm/gcc-arm-none-eabi-4_8-2014q1/bin/../lib/gcc/arm-none-eabi/4.8.3/../../../../arm-none-eabi/lib/armv6-m/libc_s.a(lib_a-impure.o)
 .rodata._global_impure_ptr
                0x0000000000007aac        0x4 /Users/Rahul/bare-metal-arm/gcc-arm-none-eabi-4_8-2014q1/bin/../lib/gcc/arm-none-eabi/4.8.3/../../../../arm-none-eabi/lib/armv6-m/libc_s.a(lib_a-impure.o)
                0x0000000000007aac                _global_impure_ptr
 *(.glue_7)
 .glue_7        0x0000000000000000        0x0 linker stubs
 *(.glue_7t)
 .glue_7t       0x0000000000000000        0x0 linker stubs
 *(.eh_frame)
 .eh_frame      0x0000000000007ab0        0x0 /Users/Rahul/bare-metal-arm/gcc-arm-none-eabi-4_8-2014q1/bin/../lib/gcc/arm-none-eabi/4.8.3/armv6-m/crtbegin.o
 *(.init)
 .init          0x0000000000007ab0        0x4 /Users/Rahul/bare-metal-arm/gcc-arm-none-eabi-4_8-2014q1/bin/../lib/gcc/arm-none-eabi/4.8.3/armv6-m/crti.o
                0x0000000000007ab0                _init
 .init          0x0000000000007ab4        0x8 /Users/Rahul/bare-metal-arm/gcc-arm-none-eabi-4_8-2014q1/bin/../lib/gcc/arm-none-eabi/4.8.3/armv6-m/crtn.o
 *(.fini)
 .fini          0x0000000000007abc        0x4 /Users/Rahul/bare-metal-arm/gcc-arm-none-eabi-4_8-2014q1/bin/../lib/gcc/arm-none-eabi/4.8.3/armv6-m/crti.o
                0x0000000000007abc                _fini
 .fini          0x0000000000007ac0        0x8 /Users/Rahul/bare-metal-arm/gcc-arm-none-eabi-4_8-2014q1/bin/../lib/gcc/arm-none-eabi/4.8.3/armv6-m/crtn.o
                0x0000000000007ac8                . = ALIGN (0x4)

.vfp11_veneer   0x0000000000007ac8        0x0
 .vfp11_veneer  0x0000000000000000        0x0 linker stubs

.v4_bx          0x0000000000007ac8        0x0
 .v4_bx         0x0000000000000000        0x0 linker stubs

.iplt           0x0000000000007ac8        0x0
 .iplt          0x0000000000000000        0x0 /Users/Rahul/bare-metal-arm/gcc-arm-none-eabi-4_8-2014q1/bin/../lib/gcc/arm-none-eabi/4.8.3/armv6-m/crtbegin.o

.ARM.extab
 *(.ARM.extab* .gnu.linkonce.armextab.*)

.ARM            0x0000000000007ac8        0x8
                0x0000000000007ac8                __exidx_start = .
 *(.ARM.exidx*)
 .ARM.exidx     0x0000000000007ac8        0x8 /Users/Rahul/bare-metal-arm/gcc-arm-none-eabi-4_8-2014q1/bin/../lib/gcc/arm-none-eabi/4.8.3/../../../../arm-none-eabi/lib/armv6-m/crt0.o
                0x0000000000007ad0                __exidx_end = .

.rel.dyn        0x0000000000007ad0        0x0
 .rel.iplt      0x0000000000000000        0x0 /Users/Rahul/bare-metal-arm/gcc-arm-none-eabi-4_8-2014q1/bin/../lib/gcc/arm-none-eabi/4.8.3/armv6-m/crtbegin.o

.ctors          0x0000000000007ad0        0x0
                0x0000000000007ad0                __CTOR_LIST__ = .
 *crtbegin.o(.ctors)
 *crtbegin?.o(.ctors)
 *(EXCLUDE_FILE(*crtend.o *crtend?.o) .ctors)
 *(SORT(.ctors.*))
 *(.ctors)
                0x0000000000007ad0                __CTOR_END__ = .

.dtors          0x0000000000007ad0        0x0
                0x0000000000007ad0                __DTOR_LIST__ = .
 *crtbegin.o(.dtors)
 *crtbegin?.o(.dtors)
 *(EXCLUDE_FILE(*crtend.o *crtend?.o) .dtors)
 *(SORT(.dtors.*))
 *(.dtors)
                0x0000000000007ad0                __DTOR_END__ = .

.preinit_array  0x0000000000007ad0        0x0
                0x0000000000007ad0                PROVIDE (__preinit_array_start, .)
 *(.preinit_array*)
                0x0000000000007ad0                PROVIDE (__preinit_array_end, .)

.init_array     0x0000000000007ad0        0x4
                0x0000000000007ad0                PROVIDE (__init_array_start, .)
 *(SORT(.init_array.*))
 *(.init_array*)
 .init_array    0x0000000000007ad0        0x4 /Users/Rahul/bare-metal-arm/gcc-arm-none-eabi-4_8-2014q1/bin/../lib/gcc/arm-none-eabi/4.8.3/armv6-m/crtbegin.o
                0x0000000000007ad4                PROVIDE (__init_array_end, .)

.fini_array     0x0000000000007ad4        0x4
                0x0000000000007ad4                PROVIDE (__fini_array_start, .)
 *(SORT(.fini_array.*))
 *(.fini_array*)
 .fini_array    0x0000000000007ad4        0x4 /Users/Rahul/bare-metal-arm/gcc-arm-none-eabi-4_8-2014q1/bin/../lib/gcc/arm-none-eabi/4.8.3/armv6-m/crtbegin.o
                0x0000000000007ad8                PROVIDE (__fini_array_end, .)
                0x0000000000007ad8                __etext = .
                0x0000000000007ad8                __DATA_ROM = .

.mtb            0x000000001ffffe00        0x0
                0x000000001ffffe00                . = ALIGN (0x8)
                0x000000001ffffe00                _mtb_start = .
 *(.mtb_buf)
                0x000000001ffffe00                . = ALIGN (0x8)
                0x000000001ffffe00                _mtb_end = .

.interrupts_ram
                0x000000001ffffe00        0x0
                0x000000001ffffe00                . = ALIGN (0x4)
                0x000000001ffffe00                __VECTOR_RAM__ = .
                0x000000001ffffe00                __interrupts_ram_start__ = .
 *(.m_interrupts_ram)
                0x000000001ffffe00                . = (. + M_VECTOR_RAM_SIZE)
                0x000000001ffffe00                . = ALIGN (0x4)
                0x000000001ffffe00                __interrupts_ram_end__ = .
                0x0000000000000000                __VECTOR_RAM = DEFINED (__ram_vector_table__)?__VECTOR_RAM__:ORIGIN (m_interrupts)
                0x0000000000000000                __RAM_VECTOR_TABLE_SIZE_BYTES = DEFINED (__ram_vector_table__)?(__interrupts_ram_end__ - __interrupts_ram_start__):0x0

.data           0x000000001ffffe00      0x140 load address 0x0000000000007ad8
                0x000000001ffffe00                . = ALIGN (0x4)
                0x000000001ffffe00                __DATA_RAM = .
                0x000000001ffffe00                __data_start__ = .
 *(.data)
 *(.data*)
 .data.gWarpI2cTimeoutMilliseconds
                0x000000001ffffe00        0x4 CMakeFiles/Warp.dir/Users/Rahul/Warp-firmware/build/ksdk1.1/work/demos/Warp/src/boot.c.obj
                0x000000001ffffe00                gWarpI2cTimeoutMilliseconds
 .data.gWarpI2cBaudRateKbps
                0x000000001ffffe04        0x4 CMakeFiles/Warp.dir/Users/Rahul/Warp-firmware/build/ksdk1.1/work/demos/Warp/src/boot.c.obj
                0x000000001ffffe04                gWarpI2cBaudRateKbps
 .data.gWarpCurrentSupplyVoltage
                0x000000001ffffe08        0x2 CMakeFiles/Warp.dir/Users/Rahul/Warp-firmware/build/ksdk1.1/work/demos/Warp/src/boot.c.obj
                0x000000001ffffe08                gWarpCurrentSupplyVoltage
 *fill*         0x000000001ffffe0a        0x2 
 .data.gWarpSpiTimeoutMicroseconds
                0x000000001ffffe0c        0x4 CMakeFiles/Warp.dir/Users/Rahul/Warp-firmware/build/ksdk1.1/work/demos/Warp/src/boot.c.obj
                0x000000001ffffe0c                gWarpSpiTimeoutMicroseconds
 .data.gWarpSupplySettlingDelayMilliseconds
                0x000000001ffffe10        0x4 CMakeFiles/Warp.dir/Users/Rahul/Warp-firmware/build/ksdk1.1/work/demos/Warp/src/boot.c.obj
                0x000000001ffffe10                gWarpSupplySettlingDelayMilliseconds
 .data.clockCallbackTable
                0x000000001ffffe14        0x4 CMakeFiles/Warp.dir/Users/Rahul/Warp-firmware/build/ksdk1.1/work/demos/Warp/src/boot.c.obj
 .data.gWarpUartBaudRateBps
                0x000000001ffffe18        0x4 CMakeFiles/Warp.dir/Users/Rahul/Warp-firmware/build/ksdk1.1/work/demos/Warp/src/boot.c.obj
                0x000000001ffffe18                gWarpUartBaudRateBps
 .data.clockManagerCallbackUserlevelStructure
                0x000000001ffffe1c        0xc CMakeFiles/Warp.dir/Users/Rahul/Warp-firmware/build/ksdk1.1/work/demos/Warp/src/boot.c.obj
                0x000000001ffffe1c                clockManagerCallbackUserlevelStructure
 .data.gWarpSpiBaudRateKbps
                0x000000001ffffe28        0x4 CMakeFiles/Warp.dir/Users/Rahul/Warp-firmware/build/ksdk1.1/work/demos/Warp/src/boot.c.obj
                0x000000001ffffe28                gWarpSpiBaudRateKbps
 .data.inputPins
                0x000000001ffffe2c        0x8 CMakeFiles/Warp.dir/Users/Rahul/Warp-firmware/build/ksdk1.1/work/boards/Warp/gpio_pins.c.obj
                0x000000001ffffe2c                inputPins
 .data.outputPins
                0x000000001ffffe34       0x90 CMakeFiles/Warp.dir/Users/Rahul/Warp-firmware/build/ksdk1.1/work/boards/Warp/gpio_pins.c.obj
                0x000000001ffffe34                outputPins
 .data.g_defaultClockConfigurations
                0x000000001ffffec4       0x18 ../../../../lib/ksdk_platform_lib/armgcc/KL03Z4/release/libksdk_platform.a(fsl_clock_MKL03Z4.c.obj)
                0x000000001ffffec4                g_defaultClockConfigurations
 .data.impure_data
                0x000000001ffffedc       0x60 /Users/Rahul/bare-metal-arm/gcc-arm-none-eabi-4_8-2014q1/bin/../lib/gcc/arm-none-eabi/4.8.3/../../../../arm-none-eabi/lib/armv6-m/libc_s.a(lib_a-impure.o)
 *(.jcr*)
 .jcr           0x000000001fffff3c        0x0 /Users/Rahul/bare-metal-arm/gcc-arm-none-eabi-4_8-2014q1/bin/../lib/gcc/arm-none-eabi/4.8.3/armv6-m/crtbegin.o
 .jcr           0x000000001fffff3c        0x4 /Users/Rahul/bare-metal-arm/gcc-arm-none-eabi-4_8-2014q1/bin/../lib/gcc/arm-none-eabi/4.8.3/armv6-m/crtend.o
                0x000000001fffff40                . = ALIGN (0x4)
                0x000000001fffff40                __data_end__ = .
                0x0000000000007c18                __DATA_END = (__DATA_ROM + (__data_end__ - __data_start__))

.igot.plt       0x000000001fffff40        0x0 load address 0x0000000000007c18
 .igot.plt      0x0000000000000000        0x0 /Users/Rahul/bare-metal-arm/gcc-arm-none-eabi-4_8-2014q1/bin/../lib/gcc/arm-none-eabi/4.8.3/armv6-m/crtbegin.o

.bss            0x000000001fffff40      0x2e8 load address 0x0000000000007c18
                0x000000001fffff40                . = ALIGN (0x4)
                0x000000001fffff40                __START_BSS = .
                0x000000001fffff40                __bss_start__ = .
 *(.bss)
 .bss           0x000000001fffff40       0x1c /Users/Rahul/bare-metal-arm/gcc-arm-none-eabi-4_8-2014q1/bin/../lib/gcc/arm-none-eabi/4.8.3/armv6-m/crtbegin.o
 *(.bss*)
 .bss.gWarpSleeptimeSeconds
                0x000000001fffff5c        0x4 CMakeFiles/Warp.dir/Users/Rahul/Warp-firmware/build/ksdk1.1/work/demos/Warp/src/boot.c.obj
                0x000000001fffff5c                gWarpSleeptimeSeconds
 .bss.gWarpSpiCommonSourceBuffer
                0x000000001fffff60       0x40 CMakeFiles/Warp.dir/Users/Rahul/Warp-firmware/build/ksdk1.1/work/demos/Warp/src/boot.c.obj
                0x000000001fffff60                gWarpSpiCommonSourceBuffer
 .bss.i2cMasterState
                0x000000001fffffa0       0x24 CMakeFiles/Warp.dir/Users/Rahul/Warp-firmware/build/ksdk1.1/work/demos/Warp/src/boot.c.obj
                0x000000001fffffa0                i2cMasterState
 .bss.gWarpBooted
                0x000000001fffffc4        0x1 CMakeFiles/Warp.dir/Users/Rahul/Warp-firmware/build/ksdk1.1/work/demos/Warp/src/boot.c.obj
                0x000000001fffffc4                gWarpBooted
 .bss.gWarpSpiCommonSinkBuffer
                0x000000001fffffc5       0x40 CMakeFiles/Warp.dir/Users/Rahul/Warp-firmware/build/ksdk1.1/work/demos/Warp/src/boot.c.obj
                0x000000001fffffc5                gWarpSpiCommonSinkBuffer
 *fill*         0x0000000020000005        0x1 
 .bss.deviceMMA8451QState
                0x0000000020000006        0x8 CMakeFiles/Warp.dir/Users/Rahul/Warp-firmware/build/ksdk1.1/work/demos/Warp/src/boot.c.obj
                0x0000000020000006                deviceMMA8451QState
 .bss.deviceINA219State
                0x000000002000000e        0x8 CMakeFiles/Warp.dir/Users/Rahul/Warp-firmware/build/ksdk1.1/work/demos/Warp/src/boot.c.obj
                0x000000002000000e                deviceINA219State
 .bss.gWarpPrintBuffer
                0x0000000020000016       0x40 CMakeFiles/Warp.dir/Users/Rahul/Warp-firmware/build/ksdk1.1/work/demos/Warp/src/boot.c.obj
                0x0000000020000016                gWarpPrintBuffer
 *fill*         0x0000000020000056        0x2 
 .bss.spiUserConfig
                0x0000000020000058        0x8 CMakeFiles/Warp.dir/Users/Rahul/Warp-firmware/build/ksdk1.1/work/demos/Warp/src/boot.c.obj
                0x0000000020000058                spiUserConfig
 .bss.spiMasterState
                0x0000000020000060       0x30 CMakeFiles/Warp.dir/Users/Rahul/Warp-firmware/build/ksdk1.1/work/demos/Warp/src/boot.c.obj
                0x0000000020000060                spiMasterState
 .bss.deviceADXL362State
                0x0000000020000090       0x18 CMakeFiles/Warp.dir/Users/Rahul/Warp-firmware/build/ksdk1.1/work/demos/Warp/src/boot.c.obj
                0x0000000020000090                deviceADXL362State
 .bss.inBuffer  0x00000000200000a8        0x1 CMakeFiles/Warp.dir/Users/Rahul/Warp-firmware/build/ksdk1.1/work/demos/Warp/src/devSSD1331.c.obj
                0x00000000200000a8                inBuffer
 .bss.payloadBytes
                0x00000000200000a9        0x1 CMakeFiles/Warp.dir/Users/Rahul/Warp-firmware/build/ksdk1.1/work/demos/Warp/src/devSSD1331.c.obj
                0x00000000200000a9                payloadBytes
 .bss._acDownBuffer
                0x00000000200000aa        0x4 CMakeFiles/Warp.dir/Users/Rahul/Warp-firmware/build/ksdk1.1/work/demos/Warp/src/SEGGER_RTT.c.obj
 .bss._acUpBuffer
                0x00000000200000ae       0x64 CMakeFiles/Warp.dir/Users/Rahul/Warp-firmware/build/ksdk1.1/work/demos/Warp/src/SEGGER_RTT.c.obj
 *fill*         0x0000000020000112        0x2 
 .bss._SEGGER_RTT
                0x0000000020000114       0x78 CMakeFiles/Warp.dir/Users/Rahul/Warp-firmware/build/ksdk1.1/work/demos/Warp/src/SEGGER_RTT.c.obj
                0x0000000020000114                _SEGGER_RTT
 .bss.g_taskListHead
                0x000000002000018c       0x10 ../../../../lib/ksdk_platform_lib/armgcc/KL03Z4/release/libksdk_platform.a(fsl_os_abstraction_bm.c.obj)
 .bss.g_freeTaskControlBlock
                0x000000002000019c        0x4 ../../../../lib/ksdk_platform_lib/armgcc/KL03Z4/release/libksdk_platform.a(fsl_os_abstraction_bm.c.obj)
 .bss.g_taskControlBlockPool
                0x00000000200001a0       0x50 ../../../../lib/ksdk_platform_lib/armgcc/KL03Z4/release/libksdk_platform.a(fsl_os_abstraction_bm.c.obj)
 .bss.g_clockState
                0x00000000200001f0       0x10 ../../../../lib/ksdk_platform_lib/armgcc/KL03Z4/release/libksdk_platform.a(fsl_clock_manager.c.obj)
 .bss.g_interruptDisableCount
                0x0000000020000200        0x4 ../../../../lib/ksdk_platform_lib/armgcc/KL03Z4/release/libksdk_platform.a(fsl_interrupt_manager.c.obj)
                0x0000000020000200                g_interruptDisableCount
 .bss.gPowerManagerState
                0x0000000020000204       0x10 ../../../../lib/ksdk_platform_lib/armgcc/KL03Z4/release/libksdk_platform.a(fsl_power_manager.c.obj)
 .bss.g_i2cStatePtr
                0x0000000020000214        0x4 ../../../../lib/ksdk_platform_lib/armgcc/KL03Z4/release/libksdk_platform.a(fsl_i2c_common.c.obj)
                0x0000000020000214                g_i2cStatePtr
 .bss.g_lpuartStatePtr
                0x0000000020000218        0x4 ../../../../lib/ksdk_platform_lib/armgcc/KL03Z4/release/libksdk_platform.a(fsl_lpuart_common.c.obj)
                0x0000000020000218                g_lpuartStatePtr
 .bss.g_xtal0ClkFreq
                0x000000002000021c        0x4 ../../../../lib/ksdk_platform_lib/armgcc/KL03Z4/release/libksdk_platform.a(fsl_mcglite_hal.c.obj)
                0x000000002000021c                g_xtal0ClkFreq
 .bss.g_xtalRtcClkFreq
                0x0000000020000220        0x4 ../../../../lib/ksdk_platform_lib/armgcc/KL03Z4/release/libksdk_platform.a(fsl_mcglite_hal.c.obj)
                0x0000000020000220                g_xtalRtcClkFreq
 .bss.g_spiStatePtr
                0x0000000020000224        0x4 ../../../../lib/ksdk_platform_lib/armgcc/KL03Z4/release/libksdk_platform.a(fsl_spi_shared_function.c.obj)
                0x0000000020000224                g_spiStatePtr
 *(COMMON)
                0x0000000020000228                . = ALIGN (0x4)
                0x0000000020000228                __bss_end__ = .
                0x0000000020000228                __END_BSS = .

.heap           0x0000000020000228        0x0
                0x0000000020000228                . = ALIGN (0x8)
                0x0000000020000228                __end__ = .
                0x0000000020000228                PROVIDE (end, .)
                0x0000000020000228                __HeapBase = .
                0x0000000020000228                . = (. + HEAP_SIZE)
                0x0000000020000228                __HeapLimit = .

.stack          0x0000000020000228      0x200 load address 0x0000000000007f00
                0x0000000020000228                . = ALIGN (0x8)
                0x0000000020000428                . = (. + STACK_SIZE)
 *fill*         0x0000000020000228      0x200 
                0x0000000020000600                __StackTop = (ORIGIN (m_data) + 0x800)
                0x0000000020000400                __StackLimit = (__StackTop - STACK_SIZE)
                0x0000000020000600                PROVIDE (__stack, __StackTop)

.ARM.attributes
                0x0000000000000000       0x28
 *(.ARM.attributes)
 .ARM.attributes
                0x0000000000000000       0x1e /Users/Rahul/bare-metal-arm/gcc-arm-none-eabi-4_8-2014q1/bin/../lib/gcc/arm-none-eabi/4.8.3/armv6-m/crti.o
 .ARM.attributes
                0x000000000000001e       0x2c /Users/Rahul/bare-metal-arm/gcc-arm-none-eabi-4_8-2014q1/bin/../lib/gcc/arm-none-eabi/4.8.3/armv6-m/crtbegin.o
 .ARM.attributes
                0x000000000000004a       0x1b /Users/Rahul/bare-metal-arm/gcc-arm-none-eabi-4_8-2014q1/bin/../lib/gcc/arm-none-eabi/4.8.3/../../../../arm-none-eabi/lib/armv6-m/crt0.o
 .ARM.attributes
                0x0000000000000065       0x1b CMakeFiles/Warp.dir/Users/Rahul/Warp-firmware/build/ksdk1.1/work/platform/startup/MKL03Z4/gcc/startup_MKL03Z4.S.obj
 .ARM.attributes
                0x0000000000000080       0x32 CMakeFiles/Warp.dir/Users/Rahul/Warp-firmware/build/ksdk1.1/work/demos/Warp/src/boot.c.obj
 .ARM.attributes
                0x00000000000000b2       0x32 CMakeFiles/Warp.dir/Users/Rahul/Warp-firmware/build/ksdk1.1/work/demos/Warp/src/errstrsEN.c.obj
 .ARM.attributes
                0x00000000000000e4       0x32 CMakeFiles/Warp.dir/Users/Rahul/Warp-firmware/build/ksdk1.1/work/demos/Warp/src/powermodes.c.obj
 .ARM.attributes
                0x0000000000000116       0x32 CMakeFiles/Warp.dir/Users/Rahul/Warp-firmware/build/ksdk1.1/work/demos/Warp/src/devADXL362.c.obj
 .ARM.attributes
                0x0000000000000148       0x32 CMakeFiles/Warp.dir/Users/Rahul/Warp-firmware/build/ksdk1.1/work/demos/Warp/src/devMMA8451Q.c.obj
 .ARM.attributes
                0x000000000000017a       0x32 CMakeFiles/Warp.dir/Users/Rahul/Warp-firmware/build/ksdk1.1/work/demos/Warp/src/devSSD1331.c.obj
 .ARM.attributes
                0x00000000000001ac       0x32 CMakeFiles/Warp.dir/Users/Rahul/Warp-firmware/build/ksdk1.1/work/demos/Warp/src/devINA219.c.obj
 .ARM.attributes
                0x00000000000001de       0x32 CMakeFiles/Warp.dir/Users/Rahul/Warp-firmware/build/ksdk1.1/work/demos/Warp/src/SEGGER_RTT.c.obj
 .ARM.attributes
                0x0000000000000210       0x32 CMakeFiles/Warp.dir/Users/Rahul/Warp-firmware/build/ksdk1.1/work/demos/Warp/src/SEGGER_RTT_printf.c.obj
 .ARM.attributes
                0x0000000000000242       0x32 CMakeFiles/Warp.dir/Users/Rahul/Warp-firmware/build/ksdk1.1/work/platform/drivers/src/i2c/fsl_i2c_irq.c.obj
 .ARM.attributes
                0x0000000000000274       0x32 CMakeFiles/Warp.dir/Users/Rahul/Warp-firmware/build/ksdk1.1/work/platform/drivers/src/spi/fsl_spi_irq.c.obj
 .ARM.attributes
                0x00000000000002a6       0x32 CMakeFiles/Warp.dir/Users/Rahul/Warp-firmware/build/ksdk1.1/work/platform/drivers/src/lpuart/fsl_lpuart_irq.c.obj
 .ARM.attributes
                0x00000000000002d8       0x32 CMakeFiles/Warp.dir/Users/Rahul/Warp-firmware/build/ksdk1.1/work/platform/startup/MKL03Z4/system_MKL03Z4.c.obj
 .ARM.attributes
                0x000000000000030a       0x32 CMakeFiles/Warp.dir/Users/Rahul/Warp-firmware/build/ksdk1.1/work/platform/startup/startup.c.obj
 .ARM.attributes
                0x000000000000033c       0x32 CMakeFiles/Warp.dir/Users/Rahul/Warp-firmware/build/ksdk1.1/work/boards/Warp/gpio_pins.c.obj
 .ARM.attributes
                0x000000000000036e       0x32 ../../../../lib/ksdk_platform_lib/armgcc/KL03Z4/release/libksdk_platform.a(fsl_os_abstraction_bm.c.obj)
 .ARM.attributes
                0x00000000000003a0       0x32 ../../../../lib/ksdk_platform_lib/armgcc/KL03Z4/release/libksdk_platform.a(fsl_clock_manager.c.obj)
 .ARM.attributes
                0x00000000000003d2       0x32 ../../../../lib/ksdk_platform_lib/armgcc/KL03Z4/release/libksdk_platform.a(fsl_clock_MKL03Z4.c.obj)
 .ARM.attributes
                0x0000000000000404       0x32 ../../../../lib/ksdk_platform_lib/armgcc/KL03Z4/release/libksdk_platform.a(fsl_interrupt_manager.c.obj)
 .ARM.attributes
                0x0000000000000436       0x32 ../../../../lib/ksdk_platform_lib/armgcc/KL03Z4/release/libksdk_platform.a(fsl_power_manager.c.obj)
 .ARM.attributes
                0x0000000000000468       0x32 ../../../../lib/ksdk_platform_lib/armgcc/KL03Z4/release/libksdk_platform.a(fsl_gpio_driver.c.obj)
 .ARM.attributes
                0x000000000000049a       0x32 ../../../../lib/ksdk_platform_lib/armgcc/KL03Z4/release/libksdk_platform.a(fsl_i2c_shared_function.c.obj)
 .ARM.attributes
                0x00000000000004cc       0x32 ../../../../lib/ksdk_platform_lib/armgcc/KL03Z4/release/libksdk_platform.a(fsl_i2c_common.c.obj)
 .ARM.attributes
                0x00000000000004fe       0x32 ../../../../lib/ksdk_platform_lib/armgcc/KL03Z4/release/libksdk_platform.a(fsl_i2c_master_driver.c.obj)
 .ARM.attributes
                0x0000000000000530       0x32 ../../../../lib/ksdk_platform_lib/armgcc/KL03Z4/release/libksdk_platform.a(fsl_i2c_slave_driver.c.obj)
 .ARM.attributes
                0x0000000000000562       0x32 ../../../../lib/ksdk_platform_lib/armgcc/KL03Z4/release/libksdk_platform.a(fsl_llwu_hal.c.obj)
 .ARM.attributes
                0x0000000000000594       0x32 ../../../../lib/ksdk_platform_lib/armgcc/KL03Z4/release/libksdk_platform.a(fsl_lpuart_driver.c.obj)
 .ARM.attributes
                0x00000000000005c6       0x32 ../../../../lib/ksdk_platform_lib/armgcc/KL03Z4/release/libksdk_platform.a(fsl_lpuart_common.c.obj)
 .ARM.attributes
                0x00000000000005f8       0x32 ../../../../lib/ksdk_platform_lib/armgcc/KL03Z4/release/libksdk_platform.a(fsl_mcglite_hal.c.obj)
 .ARM.attributes
                0x000000000000062a       0x32 ../../../../lib/ksdk_platform_lib/armgcc/KL03Z4/release/libksdk_platform.a(fsl_mcglite_hal_modes.c.obj)
 .ARM.attributes
                0x000000000000065c       0x32 ../../../../lib/ksdk_platform_lib/armgcc/KL03Z4/release/libksdk_platform.a(fsl_osc_hal.c.obj)
 .ARM.attributes
                0x000000000000068e       0x32 ../../../../lib/ksdk_platform_lib/armgcc/KL03Z4/release/libksdk_platform.a(fsl_rtc_hal.c.obj)
 .ARM.attributes
                0x00000000000006c0       0x32 ../../../../lib/ksdk_platform_lib/armgcc/KL03Z4/release/libksdk_platform.a(fsl_rtc_driver.c.obj)
 .ARM.attributes
                0x00000000000006f2       0x32 ../../../../lib/ksdk_platform_lib/armgcc/KL03Z4/release/libksdk_platform.a(fsl_rtc_common.c.obj)
 .ARM.attributes
                0x0000000000000724       0x32 ../../../../lib/ksdk_platform_lib/armgcc/KL03Z4/release/libksdk_platform.a(fsl_sim_hal_MKL03Z4.c.obj)
 .ARM.attributes
                0x0000000000000756       0x32 ../../../../lib/ksdk_platform_lib/armgcc/KL03Z4/release/libksdk_platform.a(fsl_spi_shared_function.c.obj)
 .ARM.attributes
                0x0000000000000788       0x32 ../../../../lib/ksdk_platform_lib/armgcc/KL03Z4/release/libksdk_platform.a(fsl_spi_master_driver.c.obj)
 .ARM.attributes
                0x00000000000007ba       0x32 ../../../../lib/ksdk_platform_lib/armgcc/KL03Z4/release/libksdk_platform.a(fsl_spi_slave_driver.c.obj)
 .ARM.attributes
                0x00000000000007ec       0x32 ../../../../lib/ksdk_platform_lib/armgcc/KL03Z4/release/libksdk_platform.a(fsl_spi_common.c.obj)
 .ARM.attributes
                0x000000000000081e       0x32 ../../../../lib/ksdk_platform_lib/armgcc/KL03Z4/release/libksdk_platform.a(fsl_smc_hal.c.obj)
 .ARM.attributes
                0x0000000000000850       0x32 ../../../../lib/ksdk_platform_lib/armgcc/KL03Z4/release/libksdk_platform.a(fsl_clock_manager_common.c.obj)
 .ARM.attributes
                0x0000000000000882       0x32 ../../../../lib/ksdk_platform_lib/armgcc/KL03Z4/release/libksdk_platform.a(fsl_gpio_hal.c.obj)
 .ARM.attributes
                0x00000000000008b4       0x32 ../../../../lib/ksdk_platform_lib/armgcc/KL03Z4/release/libksdk_platform.a(fsl_gpio_common.c.obj)
 .ARM.attributes
                0x00000000000008e6       0x32 ../../../../lib/ksdk_platform_lib/armgcc/KL03Z4/release/libksdk_platform.a(fsl_i2c_hal.c.obj)
 .ARM.attributes
                0x0000000000000918       0x32 ../../../../lib/ksdk_platform_lib/armgcc/KL03Z4/release/libksdk_platform.a(fsl_lpuart_hal.c.obj)
 .ARM.attributes
                0x000000000000094a       0x32 ../../../../lib/ksdk_platform_lib/armgcc/KL03Z4/release/libksdk_platform.a(fsl_spi_hal.c.obj)
 .ARM.attributes
                0x000000000000097c       0x2c /Users/Rahul/bare-metal-arm/gcc-arm-none-eabi-4_8-2014q1/bin/../lib/gcc/arm-none-eabi/4.8.3/../../../../arm-none-eabi/lib/armv6-m/libc_s.a(lib_a-bzero.o)
 .ARM.attributes
                0x00000000000009a8       0x2c /Users/Rahul/bare-metal-arm/gcc-arm-none-eabi-4_8-2014q1/bin/../lib/gcc/arm-none-eabi/4.8.3/../../../../arm-none-eabi/lib/armv6-m/libc_s.a(lib_a-exit.o)
 .ARM.attributes
                0x00000000000009d4       0x2c /Users/Rahul/bare-metal-arm/gcc-arm-none-eabi-4_8-2014q1/bin/../lib/gcc/arm-none-eabi/4.8.3/../../../../arm-none-eabi/lib/armv6-m/libc_s.a(lib_a-impure.o)
 .ARM.attributes
                0x0000000000000a00       0x2c /Users/Rahul/bare-metal-arm/gcc-arm-none-eabi-4_8-2014q1/bin/../lib/gcc/arm-none-eabi/4.8.3/../../../../arm-none-eabi/lib/armv6-m/libc_s.a(lib_a-init.o)
 .ARM.attributes
                0x0000000000000a2c       0x2c /Users/Rahul/bare-metal-arm/gcc-arm-none-eabi-4_8-2014q1/bin/../lib/gcc/arm-none-eabi/4.8.3/../../../../arm-none-eabi/lib/armv6-m/libc_s.a(lib_a-memcpy-stub.o)
 .ARM.attributes
                0x0000000000000a58       0x2c /Users/Rahul/bare-metal-arm/gcc-arm-none-eabi-4_8-2014q1/bin/../lib/gcc/arm-none-eabi/4.8.3/../../../../arm-none-eabi/lib/armv6-m/libc_s.a(lib_a-memset.o)
 .ARM.attributes
                0x0000000000000a84       0x2c /Users/Rahul/bare-metal-arm/gcc-arm-none-eabi-4_8-2014q1/bin/../lib/gcc/arm-none-eabi/4.8.3/../../../../arm-none-eabi/lib/armv6-m/libc_s.a(lib_a-strcpy.o)
 .ARM.attributes
                0x0000000000000ab0       0x2c /Users/Rahul/bare-metal-arm/gcc-arm-none-eabi-4_8-2014q1/bin/../lib/gcc/arm-none-eabi/4.8.3/../../../../arm-none-eabi/lib/armv6-m/libc_s.a(lib_a-strlen.o)
 .ARM.attributes
                0x0000000000000adc       0x1e /Users/Rahul/bare-metal-arm/gcc-arm-none-eabi-4_8-2014q1/bin/../lib/gcc/arm-none-eabi/4.8.3/armv6-m/libgcc.a(_thumb1_case_uqi.o)
 .ARM.attributes
                0x0000000000000afa       0x1e /Users/Rahul/bare-metal-arm/gcc-arm-none-eabi-4_8-2014q1/bin/../lib/gcc/arm-none-eabi/4.8.3/armv6-m/libgcc.a(_udivsi3.o)
 .ARM.attributes
                0x0000000000000b18       0x1e /Users/Rahul/bare-metal-arm/gcc-arm-none-eabi-4_8-2014q1/bin/../lib/gcc/arm-none-eabi/4.8.3/armv6-m/libgcc.a(_divsi3.o)
 .ARM.attributes
                0x0000000000000b36       0x1e /Users/Rahul/bare-metal-arm/gcc-arm-none-eabi-4_8-2014q1/bin/../lib/gcc/arm-none-eabi/4.8.3/armv6-m/libgcc.a(_dvmd_tls.o)
 .ARM.attributes
                0x0000000000000b54       0x2c /Users/Rahul/bare-metal-arm/gcc-arm-none-eabi-4_8-2014q1/bin/../lib/gcc/arm-none-eabi/4.8.3/armv6-m/libgcc.a(adddf3.o)
 .ARM.attributes
                0x0000000000000b80       0x2c /Users/Rahul/bare-metal-arm/gcc-arm-none-eabi-4_8-2014q1/bin/../lib/gcc/arm-none-eabi/4.8.3/armv6-m/libgcc.a(muldf3.o)
 .ARM.attributes
                0x0000000000000bac       0x2c /Users/Rahul/bare-metal-arm/gcc-arm-none-eabi-4_8-2014q1/bin/../lib/gcc/arm-none-eabi/4.8.3/armv6-m/libgcc.a(fixdfsi.o)
 .ARM.attributes
                0x0000000000000bd8       0x2c /Users/Rahul/bare-metal-arm/gcc-arm-none-eabi-4_8-2014q1/bin/../lib/gcc/arm-none-eabi/4.8.3/armv6-m/libgcc.a(floatsidf.o)
 .ARM.attributes
                0x0000000000000c04       0x2c /Users/Rahul/bare-metal-arm/gcc-arm-none-eabi-4_8-2014q1/bin/../lib/gcc/arm-none-eabi/4.8.3/armv6-m/libgcc.a(floatunsidf.o)
 .ARM.attributes
                0x0000000000000c30       0x1e /Users/Rahul/bare-metal-arm/gcc-arm-none-eabi-4_8-2014q1/bin/../lib/gcc/arm-none-eabi/4.8.3/armv6-m/libgcc.a(_clzsi2.o)
 .ARM.attributes
                0x0000000000000c4e       0x2c /Users/Rahul/bare-metal-arm/gcc-arm-none-eabi-4_8-2014q1/bin/../lib/gcc/arm-none-eabi/4.8.3/../../../../arm-none-eabi/lib/armv6-m/libnosys.a(_exit.o)
 .ARM.attributes
                0x0000000000000c7a       0x2c /Users/Rahul/bare-metal-arm/gcc-arm-none-eabi-4_8-2014q1/bin/../lib/gcc/arm-none-eabi/4.8.3/armv6-m/crtend.o
 .ARM.attributes
                0x0000000000000ca6       0x1e /Users/Rahul/bare-metal-arm/gcc-arm-none-eabi-4_8-2014q1/bin/../lib/gcc/arm-none-eabi/4.8.3/armv6-m/crtn.o
                0x0000000000000001                ASSERT ((__StackLimit >= __HeapLimit), region m_data overflowed with stack and heap)
OUTPUT(release/Warp.elf elf32-littlearm)

.comment        0x0000000000000000       0x70
 .comment       0x0000000000000000       0x70 CMakeFiles/Warp.dir/Users/Rahul/Warp-firmware/build/ksdk1.1/work/demos/Warp/src/boot.c.obj
                                         0x71 (size before relaxing)